Archive member included to satisfy reference by file (symbol)

c:/altera/15.0/nios2eds/bin/gnu/h-x86_64-mingw32/bin/../lib/gcc/nios2-elf/4.9.1/../../../../../H-x86_64-mingw32/nios2-elf/lib\libc.a(lib_a-puts.o)
                              obj/default/count_binary.o (puts)
c:/altera/15.0/nios2eds/bin/gnu/h-x86_64-mingw32/bin/../lib/gcc/nios2-elf/4.9.1/../../../../../H-x86_64-mingw32/nios2-elf/lib\libc.a(lib_a-strlen.o)
                              c:/altera/15.0/nios2eds/bin/gnu/h-x86_64-mingw32/bin/../lib/gcc/nios2-elf/4.9.1/../../../../../H-x86_64-mingw32/nios2-elf/lib\libc.a(lib_a-puts.o) (strlen)
c:/altera/15.0/nios2eds/bin/gnu/h-x86_64-mingw32/bin/../lib/gcc/nios2-elf/4.9.1/../../../../../H-x86_64-mingw32/nios2-elf/lib\libc.a(lib_a-fvwrite.o)
                              c:/altera/15.0/nios2eds/bin/gnu/h-x86_64-mingw32/bin/../lib/gcc/nios2-elf/4.9.1/../../../../../H-x86_64-mingw32/nios2-elf/lib\libc.a(lib_a-puts.o) (__sfvwrite_r)
c:/altera/15.0/nios2eds/bin/gnu/h-x86_64-mingw32/bin/../lib/gcc/nios2-elf/4.9.1/../../../../../H-x86_64-mingw32/nios2-elf/lib\libc.a(lib_a-impure.o)
                              c:/altera/15.0/nios2eds/bin/gnu/h-x86_64-mingw32/bin/../lib/gcc/nios2-elf/4.9.1/../../../../../H-x86_64-mingw32/nios2-elf/lib\libc.a(lib_a-puts.o) (_impure_ptr)
c:/altera/15.0/nios2eds/bin/gnu/h-x86_64-mingw32/bin/../lib/gcc/nios2-elf/4.9.1/../../../../../H-x86_64-mingw32/nios2-elf/lib\libc.a(lib_a-mallocr.o)
                              c:/altera/15.0/nios2eds/bin/gnu/h-x86_64-mingw32/bin/../lib/gcc/nios2-elf/4.9.1/../../../../../H-x86_64-mingw32/nios2-elf/lib\libc.a(lib_a-fvwrite.o) (_malloc_r)
c:/altera/15.0/nios2eds/bin/gnu/h-x86_64-mingw32/bin/../lib/gcc/nios2-elf/4.9.1/../../../../../H-x86_64-mingw32/nios2-elf/lib\libc.a(lib_a-memchr.o)
                              c:/altera/15.0/nios2eds/bin/gnu/h-x86_64-mingw32/bin/../lib/gcc/nios2-elf/4.9.1/../../../../../H-x86_64-mingw32/nios2-elf/lib\libc.a(lib_a-fvwrite.o) (memchr)
c:/altera/15.0/nios2eds/bin/gnu/h-x86_64-mingw32/bin/../lib/gcc/nios2-elf/4.9.1/../../../../../H-x86_64-mingw32/nios2-elf/lib\libc.a(lib_a-memcpy.o)
                              c:/altera/15.0/nios2eds/bin/gnu/h-x86_64-mingw32/bin/../lib/gcc/nios2-elf/4.9.1/../../../../../H-x86_64-mingw32/nios2-elf/lib\libc.a(lib_a-fvwrite.o) (memcpy)
c:/altera/15.0/nios2eds/bin/gnu/h-x86_64-mingw32/bin/../lib/gcc/nios2-elf/4.9.1/../../../../../H-x86_64-mingw32/nios2-elf/lib\libc.a(lib_a-memmove.o)
                              c:/altera/15.0/nios2eds/bin/gnu/h-x86_64-mingw32/bin/../lib/gcc/nios2-elf/4.9.1/../../../../../H-x86_64-mingw32/nios2-elf/lib\libc.a(lib_a-fvwrite.o) (memmove)
c:/altera/15.0/nios2eds/bin/gnu/h-x86_64-mingw32/bin/../lib/gcc/nios2-elf/4.9.1/../../../../../H-x86_64-mingw32/nios2-elf/lib\libc.a(lib_a-reallocr.o)
                              c:/altera/15.0/nios2eds/bin/gnu/h-x86_64-mingw32/bin/../lib/gcc/nios2-elf/4.9.1/../../../../../H-x86_64-mingw32/nios2-elf/lib\libc.a(lib_a-fvwrite.o) (_realloc_r)
c:/altera/15.0/nios2eds/bin/gnu/h-x86_64-mingw32/bin/../lib/gcc/nios2-elf/4.9.1/../../../../../H-x86_64-mingw32/nios2-elf/lib\libc.a(lib_a-sbrkr.o)
                              c:/altera/15.0/nios2eds/bin/gnu/h-x86_64-mingw32/bin/../lib/gcc/nios2-elf/4.9.1/../../../../../H-x86_64-mingw32/nios2-elf/lib\libc.a(lib_a-mallocr.o) (_sbrk_r)
c:/altera/15.0/nios2eds/bin/gnu/h-x86_64-mingw32/bin/../lib/gcc/nios2-elf/4.9.1/../../../../../H-x86_64-mingw32/nios2-elf/lib\libc.a(lib_a-wsetup.o)
                              c:/altera/15.0/nios2eds/bin/gnu/h-x86_64-mingw32/bin/../lib/gcc/nios2-elf/4.9.1/../../../../../H-x86_64-mingw32/nios2-elf/lib\libc.a(lib_a-fvwrite.o) (__swsetup_r)
c:/altera/15.0/nios2eds/bin/gnu/h-x86_64-mingw32/bin/../lib/gcc/nios2-elf/4.9.1/../../../../../H-x86_64-mingw32/nios2-elf/lib\libc.a(lib_a-fflush.o)
                              c:/altera/15.0/nios2eds/bin/gnu/h-x86_64-mingw32/bin/../lib/gcc/nios2-elf/4.9.1/../../../../../H-x86_64-mingw32/nios2-elf/lib\libc.a(lib_a-fvwrite.o) (_fflush_r)
c:/altera/15.0/nios2eds/bin/gnu/h-x86_64-mingw32/bin/../lib/gcc/nios2-elf/4.9.1/../../../../../H-x86_64-mingw32/nios2-elf/lib\libc.a(lib_a-findfp.o)
                              c:/altera/15.0/nios2eds/bin/gnu/h-x86_64-mingw32/bin/../lib/gcc/nios2-elf/4.9.1/../../../../../H-x86_64-mingw32/nios2-elf/lib\libc.a(lib_a-wsetup.o) (__sinit)
c:/altera/15.0/nios2eds/bin/gnu/h-x86_64-mingw32/bin/../lib/gcc/nios2-elf/4.9.1/../../../../../H-x86_64-mingw32/nios2-elf/lib\libc.a(lib_a-freer.o)
                              c:/altera/15.0/nios2eds/bin/gnu/h-x86_64-mingw32/bin/../lib/gcc/nios2-elf/4.9.1/../../../../../H-x86_64-mingw32/nios2-elf/lib\libc.a(lib_a-fvwrite.o) (_free_r)
c:/altera/15.0/nios2eds/bin/gnu/h-x86_64-mingw32/bin/../lib/gcc/nios2-elf/4.9.1/../../../../../H-x86_64-mingw32/nios2-elf/lib\libc.a(lib_a-fwalk.o)
[...]
Memory Configuration

Name             Origin             Length             Attributes
reset            0x0000000000020000 0x0000000000000020
onchip_memory    0x0000000000020020 0x000000000001d4a0
*default*        0x0000000000000000 0xffffffffffffffff

Linker script and memory map

LOAD ../test_1_Nios_bsp//obj/HAL/src/crt0.o
LOAD obj/default/count_binary.o
LOAD c:/altera/15.0/nios2eds/bin/gnu/h-x86_64-mingw32/bin/../lib/gcc/nios2-elf/4.9.1/../../../../../H-x86_64-mingw32/nios2-elf/lib\libstdc++.a
LOAD c:/altera/15.0/nios2eds/bin/gnu/h-x86_64-mingw32/bin/../lib/gcc/nios2-elf/4.9.1/../../../../../H-x86_64-mingw32/nios2-elf/lib\libm.a
LOAD c:/altera/15.0/nios2eds/bin/gnu/h-x86_64-mingw32/bin/../lib/gcc/nios2-elf/4.9.1\libgcc.a
START GROUP
LOAD c:/altera/15.0/nios2eds/bin/gnu/h-x86_64-mingw32/bin/../lib/gcc/nios2-elf/4.9.1/../../../../../H-x86_64-mingw32/nios2-elf/lib\libc.a
LOAD c:/altera/15.0/nios2eds/bin/gnu/h-x86_64-mingw32/bin/../lib/gcc/nios2-elf/4.9.1\libgcc.a
LOAD ../test_1_Nios_bsp/\libhal_bsp.a
LOAD c:/altera/15.0/nios2eds/bin/gnu/h-x86_64-mingw32/bin/../lib/gcc/nios2-elf/4.9.1/../../../../../H-x86_64-mingw32/nios2-elf/lib\libm.a
END GROUP
LOAD c:/altera/15.0/nios2eds/bin/gnu/h-x86_64-mingw32/bin/../lib/gcc/nios2-elf/4.9.1\libgcc.a
                0x0000000000020000                __alt_mem_onchip_memory = 0x20000

.entry          0x0000000000020000       0x20
 *(.entry)
 .entry         0x0000000000020000       0x20 ../test_1_Nios_bsp//obj/HAL/src/crt0.o
                0x0000000000020000                __reset

.exceptions     0x0000000000020020      0x19c
                0x0000000000020020                PROVIDE (__ram_exceptions_start, ABSOLUTE (.))
                0x0000000000020020                . = ALIGN (0x20)
 *(.irq)
 *(.exceptions.entry.label)
 .exceptions.entry.label
                0x0000000000020020        0x0 ../test_1_Nios_bsp/\libhal_bsp.a(alt_irq_entry.o)
                0x0000000000020020                alt_irq_entry
 .exceptions.entry.label
                0x0000000000020020        0x0 ../test_1_Nios_bsp/\libhal_bsp.a(alt_exception_entry.o)
                0x0000000000020020                alt_exception
 *(.exceptions.entry.user)
 *(.exceptions.entry.ecc_fatal)
 *(.exceptions.entry)
 .exceptions.entry
                0x0000000000020020       0x54 ../test_1_Nios_bsp/\libhal_bsp.a(alt_exception_entry.o)
 *(.exceptions.irqtest.user)
 *(.exceptions.irqtest)
 .exceptions.irqtest
                0x0000000000020074       0x10 ../test_1_Nios_bsp/\libhal_bsp.a(alt_irq_entry.o)
 *(.exceptions.irqhandler.user)
 *(.exceptions.irqhandler)
 .exceptions.irqhandler
                0x0000000000020084        0x4 ../test_1_Nios_bsp/\libhal_bsp.a(alt_irq_entry.o)
 *(.exceptions.irqreturn.user)
 *(.exceptions.irqreturn)
 .exceptions.irqreturn
                0x0000000000020088        0x4 ../test_1_Nios_bsp/\libhal_bsp.a(alt_irq_entry.o)
 *(.exceptions.notirq.label)
 .exceptions.notirq.label
                0x000000000002008c        0x0 ../test_1_Nios_bsp/\libhal_bsp.a(alt_irq_entry.o)
 *(.exceptions.notirq.user)
 *(.exceptions.notirq)
 .exceptions.notirq
                0x000000000002008c        0x8 ../test_1_Nios_bsp/\libhal_bsp.a(alt_exception_entry.o)
 *(.exceptions.soft.user)
 *(.exceptions.soft)
 *(.exceptions.unknown.user)
 *(.exceptions.unknown)
 .exceptions.unknown
                0x0000000000020094        0x4 ../test_1_Nios_bsp/\libhal_bsp.a(alt_exception_entry.o)
 *(.exceptions.exit.label)
 .exceptions.exit.label
                0x0000000000020098        0x0 ../test_1_Nios_bsp/\libhal_bsp.a(alt_irq_entry.o)
 .exceptions.exit.label
                0x0000000000020098        0x0 ../test_1_Nios_bsp/\libhal_bsp.a(alt_exception_entry.o)
 *(.exceptions.exit.user)
 *(.exceptions.exit)
 .exceptions.exit
                0x0000000000020098       0x54 ../test_1_Nios_bsp/\libhal_bsp.a(alt_exception_entry.o)
 *(.exceptions)
 .exceptions    0x00000000000200ec       0xd0 ../test_1_Nios_bsp/\libhal_bsp.a(alt_irq_handler.o)
                0x00000000000200ec                alt_irq_handler
                0x00000000000201bc                PROVIDE (__ram_exceptions_end, ABSOLUTE (.))
                0x0000000000020020                PROVIDE (__flash_exceptions_start, LOADADDR (.exceptions))

.text           0x00000000000201bc     0x5858
                0x00000000000201bc                PROVIDE (stext, ABSOLUTE (.))
 *(.interp)
 *(.hash)
 *(.dynsym)
 *(.dynstr)
 *(.gnu.version)
 *(.gnu.version_d)
 *(.gnu.version_r)
 *(.rel.init)
 *(.rela.init)
 *(.rel.text .rel.text.* .rel.gnu.linkonce.t.*)
 *(.rela.text .rela.text.* .rela.gnu.linkonce.t.*)
 *(.rel.fini)
 *(.rela.fini)
 *(.rel.rodata .rel.rodata.* .rel.gnu.linkonce.r.*)
 *(.rela.rodata .rela.rodata.* .rela.gnu.linkonce.r.*)
 *(.rel.data .rel.data.* .rel.gnu.linkonce.d.*)
 *(.rela.data .rela.data.* .rela.gnu.linkonce.d.*)
 *(.rel.tdata .rel.tdata.* .rel.gnu.linkonce.td.*)
 *(.rela.tdata .rela.tdata.* .rela.gnu.linkonce.td.*)
 *(.rel.tbss .rel.tbss.* .rel.gnu.linkonce.tb.*)
 *(.rela.tbss .rela.tbss.* .rela.gnu.linkonce.tb.*)
 *(.rel.ctors)
 *(.rela.ctors)
 *(.rel.dtors)
 *(.rela.dtors)
 *(.rel.got)
 *(.rela.got)
 *(.rel.sdata .rel.sdata.* .rel.gnu.linkonce.s.*)
 *(.rela.sdata .rela.sdata.* .rela.gnu.linkonce.s.*)
 *(.rel.sbss .rel.sbss.* .rel.gnu.linkonce.sb.*)
 *(.rela.sbss .rela.sbss.* .rela.gnu.linkonce.sb.*)
 *(.rel.sdata2 .rel.sdata2.* .rel.gnu.linkonce.s2.*)
 *(.rela.sdata2 .rela.sdata2.* .rela.gnu.linkonce.s2.*)
 *(.rel.sbss2 .rel.sbss2.* .rel.gnu.linkonce.sb2.*)
 *(.rela.sbss2 .rela.sbss2.* .rela.gnu.linkonce.sb2.*)
 *(.rel.bss .rel.bss.* .rel.gnu.linkonce.b.*)
 *(.rela.bss .rela.bss.* .rela.gnu.linkonce.b.*)
 *(.rel.plt)
 *(.rela.plt)
 *(.rel.dyn)
 *(.init)
 *(.plt)
 *(.text .stub .text.* .gnu.linkonce.t.*)
 .text          0x00000000000201bc       0x3c ../test_1_Nios_bsp//obj/HAL/src/crt0.o
                0x00000000000201bc                _start
 .text          0x00000000000201f8      0x2ac obj/default/count_binary.o
                0x0000000000020484                main
 .text          0x00000000000204a4       0xcc c:/altera/15.0/nios2eds/bin/gnu/h-x86_64-mingw32/bin/../lib/gcc/nios2-elf/4.9.1/../../../../../H-x86_64-mingw32/nios2-elf/lib\libc.a(lib_a-puts.o)
                0x00000000000204a4                _puts_r
                0x000000000002055c                puts
 .text          0x0000000000020570       0x98 c:/altera/15.0/nios2eds/bin/gnu/h-x86_64-mingw32/bin/../lib/gcc/nios2-elf/4.9.1/../../../../../H-x86_64-mingw32/nios2-elf/lib\libc.a(lib_a-strlen.o)
                0x0000000000020570                strlen
 .text          0x0000000000020608      0x4a4 c:/altera/15.0/nios2eds/bin/gnu/h-x86_64-mingw32/bin/../lib/gcc/nios2-elf/4.9.1/../../../../../H-x86_64-mingw32/nios2-elf/lib\libc.a(lib_a-fvwrite.o)
                0x0000000000020608                __sfvwrite_r
 .text          0x0000000000020aac        0x0 c:/altera/15.0/nios2eds/bin/gnu/h-x86_64-mingw32/bin/../lib/gcc/nios2-elf/4.9.1/../../../../../H-x86_64-mingw32/nios2-elf/lib\libc.a(lib_a-impure.o)
 .text          0x0000000000020aac      0x7a8 c:/altera/15.0/nios2eds/bin/gnu/h-x86_64-mingw32/bin/../lib/gcc/nios2-elf/4.9.1/../../../../../H-x86_64-mingw32/nios2-elf/lib\libc.a(lib_a-mallocr.o)
                0x0000000000020aac                _malloc_r
 .text          0x0000000000021254       0xe8 c:/altera/15.0/nios2eds/bin/gnu/h-x86_64-mingw32/bin/../lib/gcc/nios2-elf/4.9.1/../../../../../H-x86_64-mingw32/nios2-elf/lib\libc.a(lib_a-memchr.o)
                0x0000000000021254                memchr
 .text          0x000000000002133c      0x138 c:/altera/15.0/nios2eds/bin/gnu/h-x86_64-mingw32/bin/../lib/gcc/nios2-elf/4.9.1/../../../../../H-x86_64-mingw32/nios2-elf/lib\libc.a(lib_a-memcpy.o)
                0x000000000002133c                memcpy
 .text          0x0000000000021474      0x15c c:/altera/15.0/nios2eds/bin/gnu/h-x86_64-mingw32/bin/../lib/gcc/nios2-elf/4.9.1/../../../../../H-x86_64-mingw32/nios2-elf/lib\libc.a(lib_a-memmove.o)
                0x0000000000021474                memmove
 .text          0x00000000000215d0      0x5a0 c:/altera/15.0/nios2eds/bin/gnu/h-x86_64-mingw32/bin/../lib/gcc/nios2-elf/4.9.1/../../../../../H-x86_64-mingw32/nios2-elf/lib\libc.a(lib_a-reallocr.o)
                0x00000000000215d0                _realloc_r
 .text          0x0000000000021b70       0x54 c:/altera/15.0/nios2eds/bin/gnu/h-x86_64-mingw32/bin/../lib/gcc/nios2-elf/4.9.1/../../../../../H-x86_64-mingw32/nios2-elf/lib\libc.a(lib_a-sbrkr.o)
                0x0000000000021b70                _sbrk_r
 .text          0x0000000000021bc4      0x130 c:/altera/15.0/nios2eds/bin/gnu/h-x86_64-mingw32/bin/../lib/gcc/nios2-elf/4.9.1/../../../../../H-x86_64-mingw32/nios2-elf/lib\libc.a(lib_a-wsetup.o)
                0x0000000000021bc4                __swsetup_r
 .text          0x0000000000021cf4      0x258 c:/altera/15.0/nios2eds/bin/gnu/h-x86_64-mingw32/bin/../lib/gcc/nios2-elf/4.9.1/../../../../../H-x86_64-mingw32/nios2-elf/lib\libc.a(lib_a-fflush.o)
                0x0000000000021cf4                _fflush_r
                0x0000000000021f1c                fflush
 .text          0x0000000000021f4c      0x3a0 c:/altera/15.0/nios2eds/bin/gnu/h-x86_64-mingw32/bin/../lib/gcc/nios2-elf/4.9.1/../../../../../H-x86_64-mingw32/nios2-elf/lib\libc.a(lib_a-findfp.o)
                0x0000000000021f5c                _cleanup_r
                0x0000000000022108                __sfmoreglue
                0x000000000002216c                __sfp
                0x0000000000022284                _cleanup
                0x000000000002229c                __sinit
                0x00000000000222ac                __sfp_lock_acquire
                0x00000000000222b0                __sfp_lock_release
                0x00000000000222b4                __sinit_lock_acquire
                0x00000000000222b8                __sinit_lock_release
                0x00000000000222bc                __fp_lock_all
                0x00000000000222d4                __fp_unlock_all
 .text          0x00000000000222ec      0x414 c:/altera/15.0/nios2eds/bin/gnu/h-x86_64-mingw32/bin/../lib/gcc/nios2-elf/4.9.1/../../../../../H-x86_64-mingw32/nios2-elf/lib\libc.a(lib_a-freer.o)
                0x00000000000222ec                _malloc_trim_r
                0x0000000000022410                _free_r
 .text          0x0000000000022700      0x170 c:/altera/15.0/nios2eds/bin/gnu/h-x86_64-mingw32/bin/../lib/gcc/nios2-elf/4.9.1/../../../../../H-x86_64-mingw32/nios2-elf/lib\libc.a(lib_a-fwalk.o)
                0x0000000000022700                _fwalk
                0x00000000000227b8                _fwalk_reent
 .text          0x0000000000022870        0x0 c:/altera/15.0/nios2eds/bin/gnu/h-x86_64-mingw32/bin/../lib/gcc/nios2-elf/4.9.1/../../../../../H-x86_64-mingw32/nios2-elf/lib\libc.a(lib_a-int_errno.o)
 .text          0x0000000000022870      0x1b8 c:/altera/15.0/nios2eds/bin/gnu/h-x86_64-mingw32/bin/../lib/gcc/nios2-elf/4.9.1/../../../../../H-x86_64-mingw32/nios2-elf/lib\libc.a(lib_a-makebuf.o)
                0x0000000000022870                __smakebuf_r
 .text          0x0000000000022a28      0x124 c:/altera/15.0/nios2eds/bin/gnu/h-x86_64-mingw32/bin/../lib/gcc/nios2-elf/4.9.1/../../../../../H-x86_64-mingw32/nios2-elf/lib\libc.a(lib_a-memset.o)
                0x0000000000022a28                memset
 .text          0x0000000000022b4c      0x13c c:/altera/15.0/nios2eds/bin/gnu/h-x86_64-mingw32/bin/../lib/gcc/nios2-elf/4.9.1/../../../../../H-x86_64-mingw32/nios2-elf/lib\libc.a(lib_a-stdio.o)
                0x0000000000022b4c                __sread
                0x0000000000022ba0                __seofread
                0x0000000000022ba8                __swrite
                0x0000000000022c24                __sseek
                0x0000000000022c80                __sclose
 .text          0x0000000000022c88       0x5c c:/altera/15.0/nios2eds/bin/gnu/h-x86_64-mingw32/bin/../lib/gcc/nios2-elf/4.9.1/../../../../../H-x86_64-mingw32/nios2-elf/lib\libc.a(lib_a-writer.o)
                0x0000000000022c88                _write_r
 .text          0x0000000000022ce4       0x54 c:/altera/15.0/nios2eds/bin/gnu/h-x86_64-mingw32/bin/../lib/gcc/nios2-elf/4.9.1/../../../../../H-x86_64-mingw32/nios2-elf/lib\libc.a(closer.o)
                0x0000000000022ce4                _close_r
 .text          0x0000000000022d38      0x114 c:/altera/15.0/nios2eds/bin/gnu/h-x86_64-mingw32/bin/../lib/gcc/nios2-elf/4.9.1/../../../../../H-x86_64-mingw32/nios2-elf/lib\libc.a(lib_a-fclose.o)
                0x0000000000022d38                _fclose_r
                0x0000000000022e38                fclose
 .text          0x0000000000022e4c       0x58 c:/altera/15.0/nios2eds/bin/gnu/h-x86_64-mingw32/bin/../lib/gcc/nios2-elf/4.9.1/../../../../../H-x86_64-mingw32/nios2-elf/lib\libc.a(lib_a-fstatr.o)
                0x0000000000022e4c                _fstat_r
 .text          0x0000000000022ea4       0x54 c:/altera/15.0/nios2eds/bin/gnu/h-x86_64-mingw32/bin/../lib/gcc/nios2-elf/4.9.1/../../../../../H-x86_64-mingw32/nios2-elf/lib\libc.a(lib_a-isattyr.o)
                0x0000000000022ea4                _isatty_r
 .text          0x0000000000022ef8       0x5c c:/altera/15.0/nios2eds/bin/gnu/h-x86_64-mingw32/bin/../lib/gcc/nios2-elf/4.9.1/../../../../../H-x86_64-mingw32/nios2-elf/lib\libc.a(lib_a-lseekr.o)
                0x0000000000022ef8                _lseek_r
 .text          0x0000000000022f54       0x5c c:/altera/15.0/nios2eds/bin/gnu/h-x86_64-mingw32/bin/../lib/gcc/nios2-elf/4.9.1/../../../../../H-x86_64-mingw32/nios2-elf/lib\libc.a(lib_a-readr.o)
                0x0000000000022f54                _read_r
 .text          0x0000000000022fb0      0x120 ../test_1_Nios_bsp/\libhal_bsp.a(alt_close.o)
                0x0000000000023000                close
 .text          0x00000000000230d0       0x2c ../test_1_Nios_bsp/\libhal_bsp.a(alt_dev.o)
 .text          0x00000000000230fc        0x0 ../test_1_Nios_bsp/\libhal_bsp.a(alt_errno.o)
 .text          0x00000000000230fc      0x100 ../test_1_Nios_bsp/\libhal_bsp.a(alt_fstat.o)
                0x000000000002314c                fstat
 .text          0x00000000000231fc       0xf4 ../test_1_Nios_bsp/\libhal_bsp.a(alt_isatty.o)
                0x000000000002324c                isatty
 .text          0x00000000000232f0       0xe4 ../test_1_Nios_bsp/\libhal_bsp.a(alt_load.o)
                0x0000000000023354                alt_load
 .text          0x00000000000233d4      0x124 ../test_1_Nios_bsp/\libhal_bsp.a(alt_lseek.o)
                0x0000000000023424                lseek
 .text          0x00000000000234f8       0x78 ../test_1_Nios_bsp/\libhal_bsp.a(alt_main.o)
                0x00000000000234f8                alt_main
 .text          0x0000000000023570       0x40 ../test_1_Nios_bsp/\libhal_bsp.a(alt_malloc_lock.o)
                0x0000000000023570                __malloc_lock
                0x0000000000023590                __malloc_unlock
 .text          0x00000000000235b0      0x14c ../test_1_Nios_bsp/\libhal_bsp.a(alt_read.o)
                0x0000000000023600                read
 .text          0x00000000000236fc       0x60 ../test_1_Nios_bsp/\libhal_bsp.a(alt_release_fd.o)
                0x00000000000236fc                alt_release_fd
 .text          0x000000000002375c       0xb0 ../test_1_Nios_bsp/\libhal_bsp.a(alt_sbrk.o)
                0x000000000002375c                sbrk
 .text          0x000000000002380c       0x30 ../test_1_Nios_bsp/\libhal_bsp.a(alt_usleep.o)
                0x000000000002380c                usleep
 .text          0x000000000002383c      0x148 ../test_1_Nios_bsp/\libhal_bsp.a(alt_write.o)
                0x000000000002388c                write
 .text          0x0000000000023984       0xcc ../test_1_Nios_bsp/\libhal_bsp.a(alt_sys_init.o)
                0x00000000000239bc                alt_irq_init
                0x00000000000239f0                alt_sys_init
 .text          0x0000000000023a50      0x164 ../test_1_Nios_bsp/\libhal_bsp.a(altera_avalon_jtag_uart_fd.o)
                0x0000000000023a50                altera_avalon_jtag_uart_read_fd
                0x0000000000023ab0                altera_avalon_jtag_uart_write_fd
                0x0000000000023b10                altera_avalon_jtag_uart_close_fd
                0x0000000000023b60                altera_avalon_jtag_uart_ioctl_fd
 .text          0x0000000000023bb4      0x3d8 ../test_1_Nios_bsp/\libhal_bsp.a(altera_avalon_jtag_uart_init.o)
                0x0000000000023bb4                altera_avalon_jtag_uart_init
                0x0000000000023f24                altera_avalon_jtag_uart_close
 .text          0x0000000000023f8c       0xec ../test_1_Nios_bsp/\libhal_bsp.a(altera_avalon_jtag_uart_ioctl.o)
                0x0000000000023f8c                altera_avalon_jtag_uart_ioctl
 .text          0x0000000000024078      0x20c ../test_1_Nios_bsp/\libhal_bsp.a(altera_avalon_jtag_uart_read.o)
                0x0000000000024078                altera_avalon_jtag_uart_read
 .text          0x0000000000024284      0x218 ../test_1_Nios_bsp/\libhal_bsp.a(altera_avalon_jtag_uart_write.o)
                0x0000000000024284                altera_avalon_jtag_uart_write
 .text          0x000000000002449c       0xfc ../test_1_Nios_bsp/\libhal_bsp.a(altera_avalon_timer_sc.o)
                0x0000000000024510                alt_avalon_timer_sc_init
 .text          0x0000000000024598      0x140 ../test_1_Nios_bsp/\libhal_bsp.a(alt_alarm_start.o)
                0x0000000000024598                alt_alarm_start
 .text          0x00000000000246d8      0x158 ../test_1_Nios_bsp/\libhal_bsp.a(alt_busy_sleep.o)
                0x00000000000246d8                alt_busy_sleep
 .text          0x0000000000024830       0x1c ../test_1_Nios_bsp/\libhal_bsp.a(alt_dcache_flush_all.o)
                0x0000000000024830                alt_dcache_flush_all
 .text          0x000000000002484c       0xf4 ../test_1_Nios_bsp/\libhal_bsp.a(alt_dev_llist_insert.o)
                0x000000000002489c                alt_dev_llist_insert
 .text          0x0000000000024940       0x5c ../test_1_Nios_bsp/\libhal_bsp.a(alt_do_ctors.o)
                0x0000000000024940                _do_ctors
 .text          0x000000000002499c       0x5c ../test_1_Nios_bsp/\libhal_bsp.a(alt_do_dtors.o)
                0x000000000002499c                _do_dtors
 .text          0x00000000000249f8       0x30 ../test_1_Nios_bsp/\libhal_bsp.a(alt_icache_flush_all.o)
                0x00000000000249f8                alt_icache_flush_all
 .text          0x0000000000024a28      0x1e0 ../test_1_Nios_bsp/\libhal_bsp.a(alt_iic.o)
                0x0000000000024a28                alt_ic_isr_register
                0x0000000000024a78                alt_ic_irq_enable
                0x0000000000024b18                alt_ic_irq_disable
                0x0000000000024bbc                alt_ic_irq_enabled
 .text          0x0000000000024c08       0xf0 ../test_1_Nios_bsp/\libhal_bsp.a(alt_iic_isr_register.o)
                0x0000000000024c08                alt_iic_isr_register
 .text          0x0000000000024cf8      0x138 ../test_1_Nios_bsp/\libhal_bsp.a(alt_io_redirect.o)
                0x0000000000024db8                alt_io_redirect
 .text          0x0000000000024e30        0x0 ../test_1_Nios_bsp/\libhal_bsp.a(alt_irq_entry.o)
 .text          0x0000000000024e30        0x0 ../test_1_Nios_bsp/\libhal_bsp.a(alt_irq_handler.o)
 .text          0x0000000000024e30        0x0 ../test_1_Nios_bsp/\libhal_bsp.a(alt_irq_vars.o)
 .text          0x0000000000024e30      0x274 ../test_1_Nios_bsp/\libhal_bsp.a(alt_open.o)
                0x0000000000024f4c                open
 .text          0x00000000000250a4      0x19c ../test_1_Nios_bsp/\libhal_bsp.a(alt_tick.o)
                0x00000000000250a4                alt_alarm_stop
                0x000000000002513c                alt_tick
 .text          0x0000000000025240       0x20 ../test_1_Nios_bsp/\libhal_bsp.a(altera_nios2_qsys_irq.o)
                0x0000000000025240                altera_nios2_qsys_irq_init
 .text          0x0000000000025260        0x0 ../test_1_Nios_bsp/\libhal_bsp.a(alt_exception_entry.o)
 .text          0x0000000000025260       0x90 ../test_1_Nios_bsp/\libhal_bsp.a(alt_find_dev.o)
                0x0000000000025260                alt_find_dev
 .text          0x00000000000252f0      0x114 ../test_1_Nios_bsp/\libhal_bsp.a(alt_find_file.o)
                0x00000000000252f0                alt_find_file
 .text          0x0000000000025404       0xb4 ../test_1_Nios_bsp/\libhal_bsp.a(alt_get_fd.o)
                0x0000000000025404                alt_get_fd
 .text          0x00000000000254b8       0x8c ../test_1_Nios_bsp/\libhal_bsp.a(alt_icache_flush.o)
                0x00000000000254b8                alt_icache_flush
 .text          0x0000000000025544       0x14 c:/altera/15.0/nios2eds/bin/gnu/h-x86_64-mingw32/bin/../lib/gcc/nios2-elf/4.9.1/../../../../../H-x86_64-mingw32/nios2-elf/lib\libc.a(lib_a-atexit.o)
                0x0000000000025544                atexit
 .text          0x0000000000025558       0x38 c:/altera/15.0/nios2eds/bin/gnu/h-x86_64-mingw32/bin/../lib/gcc/nios2-elf/4.9.1/../../../../../H-x86_64-mingw32/nios2-elf/lib\libc.a(lib_a-exit.o)
                0x0000000000025558                exit
 .text          0x0000000000025590       0x7c c:/altera/15.0/nios2eds/bin/gnu/h-x86_64-mingw32/bin/../lib/gcc/nios2-elf/4.9.1/../../../../../H-x86_64-mingw32/nios2-elf/lib\libc.a(lib_a-memcmp.o)
                0x0000000000025590                memcmp
 .text          0x000000000002560c      0x114 c:/altera/15.0/nios2eds/bin/gnu/h-x86_64-mingw32/bin/../lib/gcc/nios2-elf/4.9.1/../../../../../H-x86_64-mingw32/nios2-elf/lib\libc.a(lib_a-__atexit.o)
                0x000000000002560c                __register_exitproc
 .text          0x0000000000025720      0x194 c:/altera/15.0/nios2eds/bin/gnu/h-x86_64-mingw32/bin/../lib/gcc/nios2-elf/4.9.1/../../../../../H-x86_64-mingw32/nios2-elf/lib\libc.a(lib_a-__call_atexit.o)
                0x0000000000025720                __call_exitprocs
 .text          0x00000000000258b4      0x12c c:/altera/15.0/nios2eds/bin/gnu/h-x86_64-mingw32/bin/../lib/gcc/nios2-elf/4.9.1\libgcc.a(lib2-divmod.o)
                0x0000000000025920                __divsi3
                0x0000000000025974                __modsi3
                0x00000000000259d0                __udivsi3
                0x00000000000259d8                __umodsi3
 .text          0x00000000000259e0       0x34 ../test_1_Nios_bsp/\libhal_bsp.a(alt_exit.o)
                0x00000000000259e0                _exit
 *(.gnu.warning.*)
 *(.fini)
                0x0000000000025a14                PROVIDE (__etext, ABSOLUTE (.))
                0x0000000000025a14                PROVIDE (_etext, ABSOLUTE (.))
                0x0000000000025a14                PROVIDE (etext, ABSOLUTE (.))
 *(.eh_frame_hdr)
                0x0000000000025a14                . = ALIGN (0x4)
                0x0000000000025a14                PROVIDE (__preinit_array_start, ABSOLUTE (.))
 *(.preinit_array)
                0x0000000000025a14                PROVIDE (__preinit_array_end, ABSOLUTE (.))
                0x0000000000025a14                PROVIDE (__init_array_start, ABSOLUTE (.))
 *(.init_array)
                0x0000000000025a14                PROVIDE (__init_array_end, ABSOLUTE (.))
                0x0000000000025a14                PROVIDE (__fini_array_start, ABSOLUTE (.))
 *(.fini_array)
                0x0000000000025a14                PROVIDE (__fini_array_end, ABSOLUTE (.))
 *(.eh_frame)
 *(.gcc_except_table .gcc_except_table.*)
 *(.dynamic)
                0x0000000000025a14                PROVIDE (__CTOR_LIST__, ABSOLUTE (.))
 *(.ctors)
 *(SORT(.ctors.*))
                0x0000000000025a14                PROVIDE (__CTOR_END__, ABSOLUTE (.))
                0x0000000000025a14                PROVIDE (__DTOR_LIST__, ABSOLUTE (.))
 *(.dtors)
 *(SORT(.dtors.*))
                0x0000000000025a14                PROVIDE (__DTOR_END__, ABSOLUTE (.))
 *(.jcr)
                0x0000000000025a14                . = ALIGN (0x4)

.rodata         0x0000000000025a14       0xa8
                0x0000000000025a14                PROVIDE (__ram_rodata_start, ABSOLUTE (.))
                0x0000000000025a14                . = ALIGN (0x4)
 *(.rodata .rodata.* .gnu.linkonce.r.*)
 .rodata        0x0000000000025a14       0x74 obj/default/count_binary.o
 .rodata.str1.4
                0x0000000000025a88        0x2 c:/altera/15.0/nios2eds/bin/gnu/h-x86_64-mingw32/bin/../lib/gcc/nios2-elf/4.9.1/../../../../../H-x86_64-mingw32/nios2-elf/lib\libc.a(lib_a-puts.o)
                                          0x4 (size before relaxing)
 *fill*         0x0000000000025a8a        0x2 
 .rodata.str1.4
                0x0000000000025a8c        0x4 c:/altera/15.0/nios2eds/bin/gnu/h-x86_64-mingw32/bin/../lib/gcc/nios2-elf/4.9.1/../../../../../H-x86_64-mingw32/nios2-elf/lib\libc.a(lib_a-impure.o)
 .rodata        0x0000000000025a90        0xc ../test_1_Nios_bsp/\libhal_bsp.a(alt_dev.o)
 .rodata        0x0000000000025a9c       0x10 ../test_1_Nios_bsp/\libhal_bsp.a(alt_main.o)
 .rodata        0x0000000000025aac       0x10 ../test_1_Nios_bsp/\libhal_bsp.a(alt_sys_init.o)
 *(.rodata1)
                0x0000000000025abc                . = ALIGN (0x4)
                0x0000000000025abc                PROVIDE (__ram_rodata_end, ABSOLUTE (.))
                0x0000000000025a14                PROVIDE (__flash_rodata_start, LOADADDR (.rodata))

.rwdata         0x0000000000025abc     0x1a7c load address 0x0000000000027538
                0x0000000000025abc                PROVIDE (__ram_rwdata_start, ABSOLUTE (.))
                0x0000000000025abc                . = ALIGN (0x4)
 *(.got.plt)
 *(.got)
 *(.data1)
 *(.data .data.* .gnu.linkonce.d.*)
 .data          0x0000000000025abc        0x0 ../test_1_Nios_bsp//obj/HAL/src/crt0.o
 .data          0x0000000000025abc       0x10 obj/default/count_binary.o
 .data          0x0000000000025acc        0x0 c:/altera/15.0/nios2eds/bin/gnu/h-x86_64-mingw32/bin/../lib/gcc/nios2-elf/4.9.1/../../../../../H-x86_64-mingw32/nios2-elf/lib\libc.a(lib_a-puts.o)
 .data          0x0000000000025acc        0x0 c:/altera/15.0/nios2eds/bin/gnu/h-x86_64-mingw32/bin/../lib/gcc/nios2-elf/4.9.1/../../../../../H-x86_64-mingw32/nios2-elf/lib\libc.a(lib_a-strlen.o)
 .data          0x0000000000025acc        0x0 c:/altera/15.0/nios2eds/bin/gnu/h-x86_64-mingw32/bin/../lib/gcc/nios2-elf/4.9.1/../../../../../H-x86_64-mingw32/nios2-elf/lib\libc.a(lib_a-fvwrite.o)
 .data          0x0000000000025acc      0x424 c:/altera/15.0/nios2eds/bin/gnu/h-x86_64-mingw32/bin/../lib/gcc/nios2-elf/4.9.1/../../../../../H-x86_64-mingw32/nios2-elf/lib\libc.a(lib_a-impure.o)
 .data          0x0000000000025ef0      0x408 c:/altera/15.0/nios2eds/bin/gnu/h-x86_64-mingw32/bin/../lib/gcc/nios2-elf/4.9.1/../../../../../H-x86_64-mingw32/nios2-elf/lib\libc.a(lib_a-mallocr.o)
                0x0000000000025ef0                __malloc_av_
 .data          0x00000000000262f8        0x0 c:/altera/15.0/nios2eds/bin/gnu/h-x86_64-mingw32/bin/../lib/gcc/nios2-elf/4.9.1/../../../../../H-x86_64-mingw32/nios2-elf/lib\libc.a(lib_a-memchr.o)
 .data          0x00000000000262f8        0x0 c:/altera/15.0/nios2eds/bin/gnu/h-x86_64-mingw32/bin/../lib/gcc/nios2-elf/4.9.1/../../../../../H-x86_64-mingw32/nios2-elf/lib\libc.a(lib_a-memcpy.o)
 .data          0x00000000000262f8        0x0 c:/altera/15.0/nios2eds/bin/gnu/h-x86_64-mingw32/bin/../lib/gcc/nios2-elf/4.9.1/../../../../../H-x86_64-mingw32/nios2-elf/lib\libc.a(lib_a-memmove.o)
 .data          0x00000000000262f8        0x0 c:/altera/15.0/nios2eds/bin/gnu/h-x86_64-mingw32/bin/../lib/gcc/nios2-elf/4.9.1/../../../../../H-x86_64-mingw32/nios2-elf/lib\libc.a(lib_a-reallocr.o)
 .data          0x00000000000262f8        0x0 c:/altera/15.0/nios2eds/bin/gnu/h-x86_64-mingw32/bin/../lib/gcc/nios2-elf/4.9.1/../../../../../H-x86_64-mingw32/nios2-elf/lib\libc.a(lib_a-sbrkr.o)
 .data          0x00000000000262f8        0x0 c:/altera/15.0/nios2eds/bin/gnu/h-x86_64-mingw32/bin/../lib/gcc/nios2-elf/4.9.1/../../../../../H-x86_64-mingw32/nios2-elf/lib\libc.a(lib_a-wsetup.o)
 .data          0x00000000000262f8        0x0 c:/altera/15.0/nios2eds/bin/gnu/h-x86_64-mingw32/bin/../lib/gcc/nios2-elf/4.9.1/../../../../../H-x86_64-mingw32/nios2-elf/lib\libc.a(lib_a-fflush.o)
 .data          0x00000000000262f8        0x0 c:/altera/15.0/nios2eds/bin/gnu/h-x86_64-mingw32/bin/../lib/gcc/nios2-elf/4.9.1/../../../../../H-x86_64-mingw32/nios2-elf/lib\libc.a(lib_a-findfp.o)
 .data          0x00000000000262f8        0x0 c:/altera/15.0/nios2eds/bin/gnu/h-x86_64-mingw32/bin/../lib/gcc/nios2-elf/4.9.1/../../../../../H-x86_64-mingw32/nios2-elf/lib\libc.a(lib_a-freer.o)
 .data          0x00000000000262f8        0x0 c:/altera/15.0/nios2eds/bin/gnu/h-x86_64-mingw32/bin/../lib/gcc/nios2-elf/4.9.1/../../../../../H-x86_64-mingw32/nios2-elf/lib\libc.a(lib_a-fwalk.o)
 .data          0x00000000000262f8        0x0 c:/altera/15.0/nios2eds/bin/gnu/h-x86_64-mingw32/bin/../lib/gcc/nios2-elf/4.9.1/../../../../../H-x86_64-mingw32/nios2-elf/lib\libc.a(lib_a-int_errno.o)
 .data          0x00000000000262f8        0x0 c:/altera/15.0/nios2eds/bin/gnu/h-x86_64-mingw32/bin/../lib/gcc/nios2-elf/4.9.1/../../../../../H-x86_64-mingw32/nios2-elf/lib\libc.a(lib_a-makebuf.o)
 .data          0x00000000000262f8        0x0 c:/altera/15.0/nios2eds/bin/gnu/h-x86_64-mingw32/bin/../lib/gcc/nios2-elf/4.9.1/../../../../../H-x86_64-mingw32/nios2-elf/lib\libc.a(lib_a-memset.o)
 .data          0x00000000000262f8        0x0 c:/altera/15.0/nios2eds/bin/gnu/h-x86_64-mingw32/bin/../lib/gcc/nios2-elf/4.9.1/../../../../../H-x86_64-mingw32/nios2-elf/lib\libc.a(lib_a-stdio.o)
 .data          0x00000000000262f8        0x0 c:/altera/15.0/nios2eds/bin/gnu/h-x86_64-mingw32/bin/../lib/gcc/nios2-elf/4.9.1/../../../../../H-x86_64-mingw32/nios2-elf/lib\libc.a(lib_a-writer.o)
 .data          0x00000000000262f8        0x0 c:/altera/15.0/nios2eds/bin/gnu/h-x86_64-mingw32/bin/../lib/gcc/nios2-elf/4.9.1/../../../../../H-x86_64-mingw32/nios2-elf/lib\libc.a(closer.o)
 .data          0x00000000000262f8        0x0 c:/altera/15.0/nios2eds/bin/gnu/h-x86_64-mingw32/bin/../lib/gcc/nios2-elf/4.9.1/../../../../../H-x86_64-mingw32/nios2-elf/lib\libc.a(lib_a-fclose.o)
 .data          0x00000000000262f8        0x0 c:/altera/15.0/nios2eds/bin/gnu/h-x86_64-mingw32/bin/../lib/gcc/nios2-elf/4.9.1/../../../../../H-x86_64-mingw32/nios2-elf/lib\libc.a(lib_a-fstatr.o)
 .data          0x00000000000262f8        0x0 c:/altera/15.0/nios2eds/bin/gnu/h-x86_64-mingw32/bin/../lib/gcc/nios2-elf/4.9.1/../../../../../H-x86_64-mingw32/nios2-elf/lib\libc.a(lib_a-isattyr.o)
 .data          0x00000000000262f8        0x0 c:/altera/15.0/nios2eds/bin/gnu/h-x86_64-mingw32/bin/../lib/gcc/nios2-elf/4.9.1/../../../../../H-x86_64-mingw32/nios2-elf/lib\libc.a(lib_a-lseekr.o)
 .data          0x00000000000262f8        0x0 c:/altera/15.0/nios2eds/bin/gnu/h-x86_64-mingw32/bin/../lib/gcc/nios2-elf/4.9.1/../../../../../H-x86_64-mingw32/nios2-elf/lib\libc.a(lib_a-readr.o)
 .data          0x00000000000262f8        0x0 ../test_1_Nios_bsp/\libhal_bsp.a(alt_close.o)
 .data          0x00000000000262f8      0x1a8 ../test_1_Nios_bsp/\libhal_bsp.a(alt_dev.o)
                0x00000000000262f8                alt_dev_null
                0x0000000000026320                alt_fd_list
 .data          0x00000000000264a0        0x0 ../test_1_Nios_bsp/\libhal_bsp.a(alt_errno.o)
 .data          0x00000000000264a0        0x0 ../test_1_Nios_bsp/\libhal_bsp.a(alt_fstat.o)
 .data          0x00000000000264a0        0x0 ../test_1_Nios_bsp/\libhal_bsp.a(alt_isatty.o)
 .data          0x00000000000264a0        0x0 ../test_1_Nios_bsp/\libhal_bsp.a(alt_load.o)
 .data          0x00000000000264a0        0x0 ../test_1_Nios_bsp/\libhal_bsp.a(alt_lseek.o)
 .data          0x00000000000264a0        0x0 ../test_1_Nios_bsp/\libhal_bsp.a(alt_main.o)
 .data          0x00000000000264a0        0x0 ../test_1_Nios_bsp/\libhal_bsp.a(alt_malloc_lock.o)
 .data          0x00000000000264a0        0x0 ../test_1_Nios_bsp/\libhal_bsp.a(alt_read.o)
 .data          0x00000000000264a0        0x0 ../test_1_Nios_bsp/\libhal_bsp.a(alt_release_fd.o)
 .data          0x00000000000264a0        0x0 ../test_1_Nios_bsp/\libhal_bsp.a(alt_sbrk.o)
 .data          0x00000000000264a0        0x0 ../test_1_Nios_bsp/\libhal_bsp.a(alt_usleep.o)
 .data          0x00000000000264a0        0x0 ../test_1_Nios_bsp/\libhal_bsp.a(alt_write.o)
 .data          0x00000000000264a0     0x1060 ../test_1_Nios_bsp/\libhal_bsp.a(alt_sys_init.o)
 .data          0x0000000000027500        0x0 ../test_1_Nios_bsp/\libhal_bsp.a(altera_avalon_jtag_uart_fd.o)
 .data          0x0000000000027500        0x0 ../test_1_Nios_bsp/\libhal_bsp.a(altera_avalon_jtag_uart_init.o)
 .data          0x0000000000027500        0x0 ../test_1_Nios_bsp/\libhal_bsp.a(altera_avalon_jtag_uart_ioctl.o)
 .data          0x0000000000027500        0x0 ../test_1_Nios_bsp/\libhal_bsp.a(altera_avalon_jtag_uart_read.o)
 .data          0x0000000000027500        0x0 ../test_1_Nios_bsp/\libhal_bsp.a(altera_avalon_jtag_uart_write.o)
 .data          0x0000000000027500        0x0 ../test_1_Nios_bsp/\libhal_bsp.a(altera_avalon_timer_sc.o)
 .data          0x0000000000027500        0x0 ../test_1_Nios_bsp/\libhal_bsp.a(alt_alarm_start.o)
 .data          0x0000000000027500        0x0 ../test_1_Nios_bsp/\libhal_bsp.a(alt_busy_sleep.o)
 .data          0x0000000000027500        0x0 ../test_1_Nios_bsp/\libhal_bsp.a(alt_dcache_flush_all.o)
 .data          0x0000000000027500        0x0 ../test_1_Nios_bsp/\libhal_bsp.a(alt_dev_llist_insert.o)
 .data          0x0000000000027500        0x0 ../test_1_Nios_bsp/\libhal_bsp.a(alt_do_ctors.o)
 .data          0x0000000000027500        0x0 ../test_1_Nios_bsp/\libhal_bsp.a(alt_do_dtors.o)
 .data          0x0000000000027500        0x0 ../test_1_Nios_bsp/\libhal_bsp.a(alt_icache_flush_all.o)
 .data          0x0000000000027500        0x0 ../test_1_Nios_bsp/\libhal_bsp.a(alt_iic.o)
 .data          0x0000000000027500        0x0 ../test_1_Nios_bsp/\libhal_bsp.a(alt_iic_isr_register.o)
 .data          0x0000000000027500        0x0 ../test_1_Nios_bsp/\libhal_bsp.a(alt_io_redirect.o)
 .data          0x0000000000027500        0x0 ../test_1_Nios_bsp/\libhal_bsp.a(alt_irq_entry.o)
 .data          0x0000000000027500        0x0 ../test_1_Nios_bsp/\libhal_bsp.a(alt_irq_handler.o)
 .data          0x0000000000027500        0x0 ../test_1_Nios_bsp/\libhal_bsp.a(alt_irq_vars.o)
 .data          0x0000000000027500        0x0 ../test_1_Nios_bsp/\libhal_bsp.a(alt_open.o)
 .data          0x0000000000027500        0x0 ../test_1_Nios_bsp/\libhal_bsp.a(alt_tick.o)
 .data          0x0000000000027500        0x0 ../test_1_Nios_bsp/\libhal_bsp.a(altera_nios2_qsys_irq.o)
 .data          0x0000000000027500        0x0 ../test_1_Nios_bsp/\libhal_bsp.a(alt_exception_entry.o)
 .data          0x0000000000027500        0x0 ../test_1_Nios_bsp/\libhal_bsp.a(alt_find_dev.o)
 .data          0x0000000000027500        0x0 ../test_1_Nios_bsp/\libhal_bsp.a(alt_find_file.o)
 .data          0x0000000000027500        0x0 ../test_1_Nios_bsp/\libhal_bsp.a(alt_get_fd.o)
 .data          0x0000000000027500        0x0 ../test_1_Nios_bsp/\libhal_bsp.a(alt_icache_flush.o)
 .data          0x0000000000027500        0x0 c:/altera/15.0/nios2eds/bin/gnu/h-x86_64-mingw32/bin/../lib/gcc/nios2-elf/4.9.1/../../../../../H-x86_64-mingw32/nios2-elf/lib\libc.a(lib_a-atexit.o)
 .data          0x0000000000027500        0x0 c:/altera/15.0/nios2eds/bin/gnu/h-x86_64-mingw32/bin/../lib/gcc/nios2-elf/4.9.1/../../../../../H-x86_64-mingw32/nios2-elf/lib\libc.a(lib_a-exit.o)
 .data          0x0000000000027500        0x0 c:/altera/15.0/nios2eds/bin/gnu/h-x86_64-mingw32/bin/../lib/gcc/nios2-elf/4.9.1/../../../../../H-x86_64-mingw32/nios2-elf/lib\libc.a(lib_a-memcmp.o)
 .data          0x0000000000027500        0x0 c:/altera/15.0/nios2eds/bin/gnu/h-x86_64-mingw32/bin/../lib/gcc/nios2-elf/4.9.1/../../../../../H-x86_64-mingw32/nios2-elf/lib\libc.a(lib_a-__atexit.o)
 .data          0x0000000000027500        0x0 c:/altera/15.0/nios2eds/bin/gnu/h-x86_64-mingw32/bin/../lib/gcc/nios2-elf/4.9.1/../../../../../H-x86_64-mingw32/nios2-elf/lib\libc.a(lib_a-__call_atexit.o)
 .data          0x0000000000027500        0x0 c:/altera/15.0/nios2eds/bin/gnu/h-x86_64-mingw32/bin/../lib/gcc/nios2-elf/4.9.1\libgcc.a(lib2-divmod.o)
 .data          0x0000000000027500        0x0 ../test_1_Nios_bsp/\libhal_bsp.a(alt_exit.o)
                0x000000000002f500                _gp = ABSOLUTE ((. + 0x8000))
                0x000000000002f500                PROVIDE (gp, _gp)
 *(.rwdata .rwdata.*)
 *(.sdata .sdata.* .gnu.linkonce.s.*)
 .sdata         0x0000000000027500        0x8 c:/altera/15.0/nios2eds/bin/gnu/h-x86_64-mingw32/bin/../lib/gcc/nios2-elf/4.9.1/../../../../../H-x86_64-mingw32/nios2-elf/lib\libc.a(lib_a-impure.o)
                0x0000000000027500                _global_impure_ptr
                0x0000000000027504                _impure_ptr
 .sdata         0x0000000000027508        0x8 c:/altera/15.0/nios2eds/bin/gnu/h-x86_64-mingw32/bin/../lib/gcc/nios2-elf/4.9.1/../../../../../H-x86_64-mingw32/nios2-elf/lib\libc.a(lib_a-mallocr.o)
                0x0000000000027508                __malloc_sbrk_base
                0x000000000002750c                __malloc_trim_threshold
 .sdata         0x0000000000027510       0x14 ../test_1_Nios_bsp/\libhal_bsp.a(alt_dev.o)
                0x0000000000027510                alt_fs_list
                0x0000000000027518                alt_dev_list
                0x0000000000027520                alt_max_fd
 .sdata         0x0000000000027524        0x4 ../test_1_Nios_bsp/\libhal_bsp.a(alt_errno.o)
                0x0000000000027524                alt_errno
 .sdata         0x0000000000027528        0x4 ../test_1_Nios_bsp/\libhal_bsp.a(alt_sbrk.o)
 .sdata         0x000000000002752c        0x4 ../test_1_Nios_bsp/\libhal_bsp.a(alt_irq_vars.o)
                0x000000000002752c                alt_priority_mask
 .sdata         0x0000000000027530        0x8 ../test_1_Nios_bsp/\libhal_bsp.a(alt_tick.o)
                0x0000000000027530                alt_alarm_list
 *(.sdata2 .sdata2.* .gnu.linkonce.s2.*)
                0x0000000000027538                . = ALIGN (0x4)
                0x0000000000027538                _edata = ABSOLUTE (.)
                0x0000000000027538                PROVIDE (edata, ABSOLUTE (.))
                0x0000000000027538                PROVIDE (__ram_rwdata_end, ABSOLUTE (.))
                0x0000000000027538                PROVIDE (__flash_rwdata_start, LOADADDR (.rwdata))

.bss            0x0000000000028fb4      0x158
                0x0000000000028fb4                __bss_start = ABSOLUTE (.)
                0x0000000000028fb4                PROVIDE (__sbss_start, ABSOLUTE (.))
                0x0000000000028fb4                PROVIDE (___sbss_start, ABSOLUTE (.))
 *(.dynsbss)
 *(.sbss .sbss.* .gnu.linkonce.sb.*)
 .sbss          0x0000000000028fb4        0x4 obj/default/count_binary.o
 .sbss          0x0000000000028fb8        0x4 obj/default/count_binary.o
                0x0000000000028fb8                edge_capture
 .sbss          0x0000000000028fbc        0xc c:/altera/15.0/nios2eds/bin/gnu/h-x86_64-mingw32/bin/../lib/gcc/nios2-elf/4.9.1/../../../../../H-x86_64-mingw32/nios2-elf/lib\libc.a(lib_a-mallocr.o)
                0x0000000000028fbc                __malloc_max_total_mem
                0x0000000000028fc0                __malloc_max_sbrked_mem
                0x0000000000028fc4                __malloc_top_pad
 .sbss          0x0000000000028fc8        0x4 c:/altera/15.0/nios2eds/bin/gnu/h-x86_64-mingw32/bin/../lib/gcc/nios2-elf/4.9.1/../../../../../H-x86_64-mingw32/nios2-elf/lib\libc.a(lib_a-int_errno.o)
                0x0000000000028fc8                errno
 .sbss          0x0000000000028fcc        0xc ../test_1_Nios_bsp/\libhal_bsp.a(alt_main.o)
                0x0000000000028fcc                alt_argc
                0x0000000000028fd0                alt_argv
                0x0000000000028fd4                alt_envp
 .sbss          0x0000000000028fd8        0x4 ../test_1_Nios_bsp/\libhal_bsp.a(alt_irq_vars.o)
                0x0000000000028fd8                alt_irq_active
 .sbss          0x0000000000028fdc        0x8 ../test_1_Nios_bsp/\libhal_bsp.a(alt_tick.o)
                0x0000000000028fdc                _alt_tick_rate
                0x0000000000028fe0                _alt_nticks
 *(.sbss2 .sbss2.* .gnu.linkonce.sb2.*)
 *(.scommon)
                0x0000000000028fe4                PROVIDE (__sbss_end, ABSOLUTE (.))
                0x0000000000028fe4                PROVIDE (___sbss_end, ABSOLUTE (.))
 *(.dynbss)
 *(.bss .bss.* .gnu.linkonce.b.*)
 .bss           0x0000000000028fe4        0x0 ../test_1_Nios_bsp//obj/HAL/src/crt0.o
 .bss           0x0000000000028fe4        0x0 obj/default/count_binary.o
 .bss           0x0000000000028fe4        0x0 c:/altera/15.0/nios2eds/bin/gnu/h-x86_64-mingw32/bin/../lib/gcc/nios2-elf/4.9.1/../../../../../H-x86_64-mingw32/nios2-elf/lib\libc.a(lib_a-puts.o)
 .bss           0x0000000000028fe4        0x0 c:/altera/15.0/nios2eds/bin/gnu/h-x86_64-mingw32/bin/../lib/gcc/nios2-elf/4.9.1/../../../../../H-x86_64-mingw32/nios2-elf/lib\libc.a(lib_a-strlen.o)
 .bss           0x0000000000028fe4        0x0 c:/altera/15.0/nios2eds/bin/gnu/h-x86_64-mingw32/bin/../lib/gcc/nios2-elf/4.9.1/../../../../../H-x86_64-mingw32/nios2-elf/lib\libc.a(lib_a-fvwrite.o)
 .bss           0x0000000000028fe4        0x0 c:/altera/15.0/nios2eds/bin/gnu/h-x86_64-mingw32/bin/../lib/gcc/nios2-elf/4.9.1/../../../../../H-x86_64-mingw32/nios2-elf/lib\libc.a(lib_a-impure.o)
 .bss           0x0000000000028fe4       0x28 c:/altera/15.0/nios2eds/bin/gnu/h-x86_64-mingw32/bin/../lib/gcc/nios2-elf/4.9.1/../../../../../H-x86_64-mingw32/nios2-elf/lib\libc.a(lib_a-mallocr.o)
                0x0000000000028fe4                __malloc_current_mallinfo
 .bss           0x000000000002900c        0x0 c:/altera/15.0/nios2eds/bin/gnu/h-x86_64-mingw32/bin/../lib/gcc/nios2-elf/4.9.1/../../../../../H-x86_64-mingw32/nios2-elf/lib\libc.a(lib_a-memchr.o)
 .bss           0x000000000002900c        0x0 c:/altera/15.0/nios2eds/bin/gnu/h-x86_64-mingw32/bin/../lib/gcc/nios2-elf/4.9.1/../../../../../H-x86_64-mingw32/nios2-elf/lib\libc.a(lib_a-memcpy.o)
 .bss           0x000000000002900c        0x0 c:/altera/15.0/nios2eds/bin/gnu/h-x86_64-mingw32/bin/../lib/gcc/nios2-elf/4.9.1/../../../../../H-x86_64-mingw32/nios2-elf/lib\libc.a(lib_a-memmove.o)
 .bss           0x000000000002900c        0x0 c:/altera/15.0/nios2eds/bin/gnu/h-x86_64-mingw32/bin/../lib/gcc/nios2-elf/4.9.1/../../../../../H-x86_64-mingw32/nios2-elf/lib\libc.a(lib_a-reallocr.o)
 .bss           0x000000000002900c        0x0 c:/altera/15.0/nios2eds/bin/gnu/h-x86_64-mingw32/bin/../lib/gcc/nios2-elf/4.9.1/../../../../../H-x86_64-mingw32/nios2-elf/lib\libc.a(lib_a-sbrkr.o)
 .bss           0x000000000002900c        0x0 c:/altera/15.0/nios2eds/bin/gnu/h-x86_64-mingw32/bin/../lib/gcc/nios2-elf/4.9.1/../../../../../H-x86_64-mingw32/nios2-elf/lib\libc.a(lib_a-wsetup.o)
 .bss           0x000000000002900c        0x0 c:/altera/15.0/nios2eds/bin/gnu/h-x86_64-mingw32/bin/../lib/gcc/nios2-elf/4.9.1/../../../../../H-x86_64-mingw32/nios2-elf/lib\libc.a(lib_a-fflush.o)
 .bss           0x000000000002900c        0x0 c:/altera/15.0/nios2eds/bin/gnu/h-x86_64-mingw32/bin/../lib/gcc/nios2-elf/4.9.1/../../../../../H-x86_64-mingw32/nios2-elf/lib\libc.a(lib_a-findfp.o)
 .bss           0x000000000002900c        0x0 c:/altera/15.0/nios2eds/bin/gnu/h-x86_64-mingw32/bin/../lib/gcc/nios2-elf/4.9.1/../../../../../H-x86_64-mingw32/nios2-elf/lib\libc.a(lib_a-freer.o)
 .bss           0x000000000002900c        0x0 c:/altera/15.0/nios2eds/bin/gnu/h-x86_64-mingw32/bin/../lib/gcc/nios2-elf/4.9.1/../../../../../H-x86_64-mingw32/nios2-elf/lib\libc.a(lib_a-fwalk.o)
 .bss           0x000000000002900c        0x0 c:/altera/15.0/nios2eds/bin/gnu/h-x86_64-mingw32/bin/../lib/gcc/nios2-elf/4.9.1/../../../../../H-x86_64-mingw32/nios2-elf/lib\libc.a(lib_a-int_errno.o)
 .bss           0x000000000002900c        0x0 c:/altera/15.0/nios2eds/bin/gnu/h-x86_64-mingw32/bin/../lib/gcc/nios2-elf/4.9.1/../../../../../H-x86_64-mingw32/nios2-elf/lib\libc.a(lib_a-makebuf.o)
 .bss           0x000000000002900c        0x0 c:/altera/15.0/nios2eds/bin/gnu/h-x86_64-mingw32/bin/../lib/gcc/nios2-elf/4.9.1/../../../../../H-x86_64-mingw32/nios2-elf/lib\libc.a(lib_a-memset.o)
 .bss           0x000000000002900c        0x0 c:/altera/15.0/nios2eds/bin/gnu/h-x86_64-mingw32/bin/../lib/gcc/nios2-elf/4.9.1/../../../../../H-x86_64-mingw32/nios2-elf/lib\libc.a(lib_a-stdio.o)
 .bss           0x000000000002900c        0x0 c:/altera/15.0/nios2eds/bin/gnu/h-x86_64-mingw32/bin/../lib/gcc/nios2-elf/4.9.1/../../../../../H-x86_64-mingw32/nios2-elf/lib\libc.a(lib_a-writer.o)
 .bss           0x000000000002900c        0x0 c:/altera/15.0/nios2eds/bin/gnu/h-x86_64-mingw32/bin/../lib/gcc/nios2-elf/4.9.1/../../../../../H-x86_64-mingw32/nios2-elf/lib\libc.a(closer.o)
 .bss           0x000000000002900c        0x0 c:/altera/15.0/nios2eds/bin/gnu/h-x86_64-mingw32/bin/../lib/gcc/nios2-elf/4.9.1/../../../../../H-x86_64-mingw32/nios2-elf/lib\libc.a(lib_a-fclose.o)
 .bss           0x000000000002900c        0x0 c:/altera/15.0/nios2eds/bin/gnu/h-x86_64-mingw32/bin/../lib/gcc/nios2-elf/4.9.1/../../../../../H-x86_64-mingw32/nios2-elf/lib\libc.a(lib_a-fstatr.o)
 .bss           0x000000000002900c        0x0 c:/altera/15.0/nios2eds/bin/gnu/h-x86_64-mingw32/bin/../lib/gcc/nios2-elf/4.9.1/../../../../../H-x86_64-mingw32/nios2-elf/lib\libc.a(lib_a-isattyr.o)
 .bss           0x000000000002900c        0x0 c:/altera/15.0/nios2eds/bin/gnu/h-x86_64-mingw32/bin/../lib/gcc/nios2-elf/4.9.1/../../../../../H-x86_64-mingw32/nios2-elf/lib\libc.a(lib_a-lseekr.o)
 .bss           0x000000000002900c        0x0 c:/altera/15.0/nios2eds/bin/gnu/h-x86_64-mingw32/bin/../lib/gcc/nios2-elf/4.9.1/../../../../../H-x86_64-mingw32/nios2-elf/lib\libc.a(lib_a-readr.o)
 .bss           0x000000000002900c        0x0 ../test_1_Nios_bsp/\libhal_bsp.a(alt_close.o)
 .bss           0x000000000002900c        0x0 ../test_1_Nios_bsp/\libhal_bsp.a(alt_dev.o)
 .bss           0x000000000002900c        0x0 ../test_1_Nios_bsp/\libhal_bsp.a(alt_errno.o)
 .bss           0x000000000002900c        0x0 ../test_1_Nios_bsp/\libhal_bsp.a(alt_fstat.o)
 .bss           0x000000000002900c        0x0 ../test_1_Nios_bsp/\libhal_bsp.a(alt_isatty.o)
 .bss           0x000000000002900c        0x0 ../test_1_Nios_bsp/\libhal_bsp.a(alt_load.o)
 .bss           0x000000000002900c        0x0 ../test_1_Nios_bsp/\libhal_bsp.a(alt_lseek.o)
 .bss           0x000000000002900c        0x0 ../test_1_Nios_bsp/\libhal_bsp.a(alt_main.o)
 .bss           0x000000000002900c        0x0 ../test_1_Nios_bsp/\libhal_bsp.a(alt_malloc_lock.o)
 .bss           0x000000000002900c        0x0 ../test_1_Nios_bsp/\libhal_bsp.a(alt_read.o)
 .bss           0x000000000002900c        0x0 ../test_1_Nios_bsp/\libhal_bsp.a(alt_release_fd.o)
 .bss           0x000000000002900c        0x0 ../test_1_Nios_bsp/\libhal_bsp.a(alt_sbrk.o)
 .bss           0x000000000002900c        0x0 ../test_1_Nios_bsp/\libhal_bsp.a(alt_usleep.o)
 .bss           0x000000000002900c        0x0 ../test_1_Nios_bsp/\libhal_bsp.a(alt_write.o)
 .bss           0x000000000002900c        0x0 ../test_1_Nios_bsp/\libhal_bsp.a(alt_sys_init.o)
 .bss           0x000000000002900c        0x0 ../test_1_Nios_bsp/\libhal_bsp.a(altera_avalon_jtag_uart_fd.o)
 .bss           0x000000000002900c        0x0 ../test_1_Nios_bsp/\libhal_bsp.a(altera_avalon_jtag_uart_init.o)
 .bss           0x000000000002900c        0x0 ../test_1_Nios_bsp/\libhal_bsp.a(altera_avalon_jtag_uart_ioctl.o)
 .bss           0x000000000002900c        0x0 ../test_1_Nios_bsp/\libhal_bsp.a(altera_avalon_jtag_uart_read.o)
 .bss           0x000000000002900c        0x0 ../test_1_Nios_bsp/\libhal_bsp.a(altera_avalon_jtag_uart_write.o)
 .bss           0x000000000002900c        0x0 ../test_1_Nios_bsp/\libhal_bsp.a(altera_avalon_timer_sc.o)
 .bss           0x000000000002900c        0x0 ../test_1_Nios_bsp/\libhal_bsp.a(alt_alarm_start.o)
 .bss           0x000000000002900c        0x0 ../test_1_Nios_bsp/\libhal_bsp.a(alt_busy_sleep.o)
 .bss           0x000000000002900c        0x0 ../test_1_Nios_bsp/\libhal_bsp.a(alt_dcache_flush_all.o)
 .bss           0x000000000002900c        0x0 ../test_1_Nios_bsp/\libhal_bsp.a(alt_dev_llist_insert.o)
 .bss           0x000000000002900c        0x0 ../test_1_Nios_bsp/\libhal_bsp.a(alt_do_ctors.o)
 .bss           0x000000000002900c        0x0 ../test_1_Nios_bsp/\libhal_bsp.a(alt_do_dtors.o)
 .bss           0x000000000002900c        0x0 ../test_1_Nios_bsp/\libhal_bsp.a(alt_icache_flush_all.o)
 .bss           0x000000000002900c        0x0 ../test_1_Nios_bsp/\libhal_bsp.a(alt_iic.o)
 .bss           0x000000000002900c        0x0 ../test_1_Nios_bsp/\libhal_bsp.a(alt_iic_isr_register.o)
 .bss           0x000000000002900c        0x0 ../test_1_Nios_bsp/\libhal_bsp.a(alt_io_redirect.o)
 .bss           0x000000000002900c        0x0 ../test_1_Nios_bsp/\libhal_bsp.a(alt_irq_entry.o)
 .bss           0x000000000002900c        0x0 ../test_1_Nios_bsp/\libhal_bsp.a(alt_irq_handler.o)
 .bss           0x000000000002900c        0x0 ../test_1_Nios_bsp/\libhal_bsp.a(alt_irq_vars.o)
 .bss           0x000000000002900c        0x0 ../test_1_Nios_bsp/\libhal_bsp.a(alt_open.o)
 .bss           0x000000000002900c        0x0 ../test_1_Nios_bsp/\libhal_bsp.a(alt_tick.o)
 .bss           0x000000000002900c        0x0 ../test_1_Nios_bsp/\libhal_bsp.a(altera_nios2_qsys_irq.o)
 .bss           0x000000000002900c        0x0 ../test_1_Nios_bsp/\libhal_bsp.a(alt_exception_entry.o)
 .bss           0x000000000002900c        0x0 ../test_1_Nios_bsp/\libhal_bsp.a(alt_find_dev.o)
 .bss           0x000000000002900c        0x0 ../test_1_Nios_bsp/\libhal_bsp.a(alt_find_file.o)
 .bss           0x000000000002900c        0x0 ../test_1_Nios_bsp/\libhal_bsp.a(alt_get_fd.o)
 .bss           0x000000000002900c        0x0 ../test_1_Nios_bsp/\libhal_bsp.a(alt_icache_flush.o)
 .bss           0x000000000002900c        0x0 c:/altera/15.0/nios2eds/bin/gnu/h-x86_64-mingw32/bin/../lib/gcc/nios2-elf/4.9.1/../../../../../H-x86_64-mingw32/nios2-elf/lib\libc.a(lib_a-atexit.o)
 .bss           0x000000000002900c        0x0 c:/altera/15.0/nios2eds/bin/gnu/h-x86_64-mingw32/bin/../lib/gcc/nios2-elf/4.9.1/../../../../../H-x86_64-mingw32/nios2-elf/lib\libc.a(lib_a-exit.o)
 .bss           0x000000000002900c        0x0 c:/altera/15.0/nios2eds/bin/gnu/h-x86_64-mingw32/bin/../lib/gcc/nios2-elf/4.9.1/../../../../../H-x86_64-mingw32/nios2-elf/lib\libc.a(lib_a-memcmp.o)
 .bss           0x000000000002900c        0x0 c:/altera/15.0/nios2eds/bin/gnu/h-x86_64-mingw32/bin/../lib/gcc/nios2-elf/4.9.1/../../../../../H-x86_64-mingw32/nios2-elf/lib\libc.a(lib_a-__atexit.o)
 .bss           0x000000000002900c        0x0 c:/altera/15.0/nios2eds/bin/gnu/h-x86_64-mingw32/bin/../lib/gcc/nios2-elf/4.9.1/../../../../../H-x86_64-mingw32/nios2-elf/lib\libc.a(lib_a-__call_atexit.o)
 .bss           0x000000000002900c        0x0 c:/altera/15.0/nios2eds/bin/gnu/h-x86_64-mingw32/bin/../lib/gcc/nios2-elf/4.9.1\libgcc.a(lib2-divmod.o)
 .bss           0x000000000002900c        0x0 ../test_1_Nios_bsp/\libhal_bsp.a(alt_exit.o)
 *(COMMON)
 COMMON         0x000000000002900c      0x100 ../test_1_Nios_bsp/\libhal_bsp.a(alt_irq_handler.o)
                0x000000000002900c                alt_irq
                0x000000000002910c                . = ALIGN (0x4)
                0x000000000002910c                __bss_end = ABSOLUTE (.)

.onchip_memory  0x000000000002910c        0x0
                0x000000000002910c                PROVIDE (_alt_partition_onchip_memory_start, ABSOLUTE (.))
 *(.onchip_memory .onchip_memory. onchip_memory.*)
                0x000000000002910c                . = ALIGN (0x4)
                0x000000000002910c                PROVIDE (_alt_partition_onchip_memory_end, ABSOLUTE (.))
                0x000000000002910c                _end = ABSOLUTE (.)
                0x000000000002910c                end = ABSOLUTE (.)
                0x000000000002910c                __alt_stack_base = ABSOLUTE (.)
                0x000000000002910c                PROVIDE (_alt_partition_onchip_memory_load_addr, LOADADDR (.onchip_memory))

.stab
 *(.stab)

.stabstr
 *(.stabstr)

.stab.excl
 *(.stab.excl)

.stab.exclstr
 *(.stab.exclstr)

.stab.index
 *(.stab.index)

.stab.indexstr
 *(.stab.indexstr)

.comment        0x0000000000000000       0x23
 *(.comment)
 .comment       0x0000000000000000       0x23 obj/default/count_binary.o
                                         0x24 (size before relaxing)
 .comment       0x0000000000000000       0x24 c:/altera/15.0/nios2eds/bin/gnu/h-x86_64-mingw32/bin/../lib/gcc/nios2-elf/4.9.1/../../../../../H-x86_64-mingw32/nios2-elf/lib\libc.a(lib_a-puts.o)
 .comment       0x0000000000000000       0x24 c:/altera/15.0/nios2eds/bin/gnu/h-x86_64-mingw32/bin/../lib/gcc/nios2-elf/4.9.1/../../../../../H-x86_64-mingw32/nios2-elf/lib\libc.a(lib_a-strlen.o)
 .comment       0x0000000000000000       0x24 c:/altera/15.0/nios2eds/bin/gnu/h-x86_64-mingw32/bin/../lib/gcc/nios2-elf/4.9.1/../../../../../H-x86_64-mingw32/nios2-elf/lib\libc.a(lib_a-fvwrite.o)
 .comment       0x0000000000000000       0x24 c:/altera/15.0/nios2eds/bin/gnu/h-x86_64-mingw32/bin/../lib/gcc/nios2-elf/4.9.1/../../../../../H-x86_64-mingw32/nios2-elf/lib\libc.a(lib_a-impure.o)
 .comment       0x0000000000000000       0x24 c:/altera/15.0/nios2eds/bin/gnu/h-x86_64-mingw32/bin/../lib/gcc/nios2-elf/4.9.1/../../../../../H-x86_64-mingw32/nios2-elf/lib\libc.a(lib_a-mallocr.o)
 .comment       0x0000000000000000       0x24 c:/altera/15.0/nios2eds/bin/gnu/h-x86_64-mingw32/bin/../lib/gcc/nios2-elf/4.9.1/../../../../../H-x86_64-mingw32/nios2-elf/lib\libc.a(lib_a-memchr.o)
 .comment       0x0000000000000000       0x24 c:/altera/15.0/nios2eds/bin/gnu/h-x86_64-mingw32/bin/../lib/gcc/nios2-elf/4.9.1/../../../../../H-x86_64-mingw32/nios2-elf/lib\libc.a(lib_a-memcpy.o)
 .comment       0x0000000000000000       0x24 c:/altera/15.0/nios2eds/bin/gnu/h-x86_64-mingw32/bin/../lib/gcc/nios2-elf/4.9.1/../../../../../H-x86_64-mingw32/nios2-elf/lib\libc.a(lib_a-memmove.o)
 .comment       0x0000000000000000       0x24 c:/altera/15.0/nios2eds/bin/gnu/h-x86_64-mingw32/bin/../lib/gcc/nios2-elf/4.9.1/../../../../../H-x86_64-mingw32/nios2-elf/lib\libc.a(lib_a-reallocr.o)
 .comment       0x0000000000000000       0x24 c:/altera/15.0/nios2eds/bin/gnu/h-x86_64-mingw32/bin/../lib/gcc/nios2-elf/4.9.1/../../../../../H-x86_64-mingw32/nios2-elf/lib\libc.a(lib_a-sbrkr.o)
 .comment       0x0000000000000000       0x24 c:/altera/15.0/nios2eds/bin/gnu/h-x86_64-mingw32/bin/../lib/gcc/nios2-elf/4.9.1/../../../../../H-x86_64-mingw32/nios2-elf/lib\libc.a(lib_a-wsetup.o)
 .comment       0x0000000000000000       0x24 c:/altera/15.0/nios2eds/bin/gnu/h-x86_64-mingw32/bin/../lib/gcc/nios2-elf/4.9.1/../../../../../H-x86_64-mingw32/nios2-elf/lib\libc.a(lib_a-fflush.o)
 .comment       0x0000000000000000       0x24 c:/altera/15.0/nios2eds/bin/gnu/h-x86_64-mingw32/bin/../lib/gcc/nios2-elf/4.9.1/../../../../../H-x86_64-mingw32/nios2-elf/lib\libc.a(lib_a-findfp.o)
 .comment       0x0000000000000000       0x24 c:/altera/15.0/nios2eds/bin/gnu/h-x86_64-mingw32/bin/../lib/gcc/nios2-elf/4.9.1/../../../../../H-x86_64-mingw32/nios2-elf/lib\libc.a(lib_a-freer.o)
 .comment       0x0000000000000000       0x24 c:/altera/15.0/nios2eds/bin/gnu/h-x86_64-mingw32/bin/../lib/gcc/nios2-elf/4.9.1/../../../../../H-x86_64-mingw32/nios2-elf/lib\libc.a(lib_a-fwalk.o)
 .comment       0x0000000000000000       0x24 c:/altera/15.0/nios2eds/bin/gnu/h-x86_64-mingw32/bin/../lib/gcc/nios2-elf/4.9.1/../../../../../H-x86_64-mingw32/nios2-elf/lib\libc.a(lib_a-int_errno.o)
 .comment       0x0000000000000000       0x24 c:/altera/15.0/nios2eds/bin/gnu/h-x86_64-mingw32/bin/../lib/gcc/nios2-elf/4.9.1/../../../../../H-x86_64-mingw32/nios2-elf/lib\libc.a(lib_a-makebuf.o)
 .comment       0x0000000000000000       0x24 c:/altera/15.0/nios2eds/bin/gnu/h-x86_64-mingw32/bin/../lib/gcc/nios2-elf/4.9.1/../../../../../H-x86_64-mingw32/nios2-elf/lib\libc.a(lib_a-memset.o)
 .comment       0x0000000000000000       0x24 c:/altera/15.0/nios2eds/bin/gnu/h-x86_64-mingw32/bin/../lib/gcc/nios2-elf/4.9.1/../../../../../H-x86_64-mingw32/nios2-elf/lib\libc.a(lib_a-stdio.o)
 .comment       0x0000000000000000       0x24 c:/altera/15.0/nios2eds/bin/gnu/h-x86_64-mingw32/bin/../lib/gcc/nios2-elf/4.9.1/../../../../../H-x86_64-mingw32/nios2-elf/lib\libc.a(lib_a-writer.o)
 .comment       0x0000000000000000       0x24 c:/altera/15.0/nios2eds/bin/gnu/h-x86_64-mingw32/bin/../lib/gcc/nios2-elf/4.9.1/../../../../../H-x86_64-mingw32/nios2-elf/lib\libc.a(closer.o)
 .comment       0x0000000000000000       0x24 c:/altera/15.0/nios2eds/bin/gnu/h-x86_64-mingw32/bin/../lib/gcc/nios2-elf/4.9.1/../../../../../H-x86_64-mingw32/nios2-elf/lib\libc.a(lib_a-fclose.o)
 .comment       0x0000000000000000       0x24 c:/altera/15.0/nios2eds/bin/gnu/h-x86_64-mingw32/bin/../lib/gcc/nios2-elf/4.9.1/../../../../../H-x86_64-mingw32/nios2-elf/lib\libc.a(lib_a-fstatr.o)
 .comment       0x0000000000000000       0x24 c:/altera/15.0/nios2eds/bin/gnu/h-x86_64-mingw32/bin/../lib/gcc/nios2-elf/4.9.1/../../../../../H-x86_64-mingw32/nios2-elf/lib\libc.a(lib_a-isattyr.o)
 .comment       0x0000000000000000       0x24 c:/altera/15.0/nios2eds/bin/gnu/h-x86_64-mingw32/bin/../lib/gcc/nios2-elf/4.9.1/../../../../../H-x86_64-mingw32/nios2-elf/lib\libc.a(lib_a-lseekr.o)
 .comment       0x0000000000000000       0x24 c:/altera/15.0/nios2eds/bin/gnu/h-x86_64-mingw32/bin/../lib/gcc/nios2-elf/4.9.1/../../../../../H-x86_64-mingw32/nios2-elf/lib\libc.a(lib_a-readr.o)
 .comment       0x0000000000000000       0x24 ../test_1_Nios_bsp/\libhal_bsp.a(alt_close.o)
 .comment       0x0000000000000000       0x24 ../test_1_Nios_bsp/\libhal_bsp.a(alt_dev.o)
 .comment       0x0000000000000000       0x24 ../test_1_Nios_bsp/\libhal_bsp.a(alt_errno.o)
 .comment       0x0000000000000000       0x24 ../test_1_Nios_bsp/\libhal_bsp.a(alt_fstat.o)
 .comment       0x0000000000000000       0x24 ../test_1_Nios_bsp/\libhal_bsp.a(alt_isatty.o)
 .comment       0x0000000000000000       0x24 ../test_1_Nios_bsp/\libhal_bsp.a(alt_load.o)
 .comment       0x0000000000000000       0x24 ../test_1_Nios_bsp/\libhal_bsp.a(alt_lseek.o)
 .comment       0x0000000000000000       0x24 ../test_1_Nios_bsp/\libhal_bsp.a(alt_main.o)
 .comment       0x0000000000000000       0x24 ../test_1_Nios_bsp/\libhal_bsp.a(alt_malloc_lock.o)
 .comment       0x0000000000000000       0x24 ../test_1_Nios_bsp/\libhal_bsp.a(alt_read.o)
 .comment       0x0000000000000000       0x24 ../test_1_Nios_bsp/\libhal_bsp.a(alt_release_fd.o)
 .comment       0x0000000000000000       0x24 ../test_1_Nios_bsp/\libhal_bsp.a(alt_sbrk.o)
 .comment       0x0000000000000000       0x24 ../test_1_Nios_bsp/\libhal_bsp.a(alt_usleep.o)
 .comment       0x0000000000000000       0x24 ../test_1_Nios_bsp/\libhal_bsp.a(alt_write.o)
 .comment       0x0000000000000000       0x24 ../test_1_Nios_bsp/\libhal_bsp.a(alt_sys_init.o)
 .comment       0x0000000000000000       0x24 ../test_1_Nios_bsp/\libhal_bsp.a(altera_avalon_jtag_uart_fd.o)
 .comment       0x0000000000000000       0x24 ../test_1_Nios_bsp/\libhal_bsp.a(altera_avalon_jtag_uart_init.o)
 .comment       0x0000000000000000       0x24 ../test_1_Nios_bsp/\libhal_bsp.a(altera_avalon_jtag_uart_ioctl.o)
 .comment       0x0000000000000000       0x24 ../test_1_Nios_bsp/\libhal_bsp.a(altera_avalon_jtag_uart_read.o)
 .comment       0x0000000000000000       0x24 ../test_1_Nios_bsp/\libhal_bsp.a(altera_avalon_jtag_uart_write.o)
 .comment       0x0000000000000000       0x24 ../test_1_Nios_bsp/\libhal_bsp.a(altera_avalon_timer_sc.o)
 .comment       0x0000000000000000       0x24 ../test_1_Nios_bsp/\libhal_bsp.a(alt_alarm_start.o)
 .comment       0x0000000000000000       0x24 ../test_1_Nios_bsp/\libhal_bsp.a(alt_busy_sleep.o)
 .comment       0x0000000000000000       0x24 ../test_1_Nios_bsp/\libhal_bsp.a(alt_dcache_flush_all.o)
 .comment       0x0000000000000000       0x24 ../test_1_Nios_bsp/\libhal_bsp.a(alt_dev_llist_insert.o)
 .comment       0x0000000000000000       0x24 ../test_1_Nios_bsp/\libhal_bsp.a(alt_do_ctors.o)
 .comment       0x0000000000000000       0x24 ../test_1_Nios_bsp/\libhal_bsp.a(alt_do_dtors.o)
 .comment       0x0000000000000000       0x24 ../test_1_Nios_bsp/\libhal_bsp.a(alt_icache_flush_all.o)
 .comment       0x0000000000000000       0x24 ../test_1_Nios_bsp/\libhal_bsp.a(alt_iic.o)
 .comment       0x0000000000000000       0x24 ../test_1_Nios_bsp/\libhal_bsp.a(alt_iic_isr_register.o)
 .comment       0x0000000000000000       0x24 ../test_1_Nios_bsp/\libhal_bsp.a(alt_io_redirect.o)
 .comment       0x0000000000000000       0x24 ../test_1_Nios_bsp/\libhal_bsp.a(alt_irq_handler.o)
 .comment       0x0000000000000000       0x24 ../test_1_Nios_bsp/\libhal_bsp.a(alt_irq_vars.o)
 .comment       0x0000000000000000       0x24 ../test_1_Nios_bsp/\libhal_bsp.a(alt_open.o)
 .comment       0x0000000000000000       0x24 ../test_1_Nios_bsp/\libhal_bsp.a(alt_tick.o)
 .comment       0x0000000000000000       0x24 ../test_1_Nios_bsp/\libhal_bsp.a(altera_nios2_qsys_irq.o)
 .comment       0x0000000000000000       0x24 ../test_1_Nios_bsp/\libhal_bsp.a(alt_find_dev.o)
 .comment       0x0000000000000000       0x24 ../test_1_Nios_bsp/\libhal_bsp.a(alt_find_file.o)
 .comment       0x0000000000000000       0x24 ../test_1_Nios_bsp/\libhal_bsp.a(alt_get_fd.o)
 .comment       0x0000000000000000       0x24 ../test_1_Nios_bsp/\libhal_bsp.a(alt_icache_flush.o)
 .comment       0x0000000000000000       0x24 c:/altera/15.0/nios2eds/bin/gnu/h-x86_64-mingw32/bin/../lib/gcc/nios2-elf/4.9.1/../../../../../H-x86_64-mingw32/nios2-elf/lib\libc.a(lib_a-atexit.o)
 .comment       0x0000000000000000       0x24 c:/altera/15.0/nios2eds/bin/gnu/h-x86_64-mingw32/bin/../lib/gcc/nios2-elf/4.9.1/../../../../../H-x86_64-mingw32/nios2-elf/lib\libc.a(lib_a-exit.o)
 .comment       0x0000000000000000       0x24 c:/altera/15.0/nios2eds/bin/gnu/h-x86_64-mingw32/bin/../lib/gcc/nios2-elf/4.9.1/../../../../../H-x86_64-mingw32/nios2-elf/lib\libc.a(lib_a-memcmp.o)
 .comment       0x0000000000000000       0x24 c:/altera/15.0/nios2eds/bin/gnu/h-x86_64-mingw32/bin/../lib/gcc/nios2-elf/4.9.1/../../../../../H-x86_64-mingw32/nios2-elf/lib\libc.a(lib_a-__atexit.o)
 .comment       0x0000000000000000       0x24 c:/altera/15.0/nios2eds/bin/gnu/h-x86_64-mingw32/bin/../lib/gcc/nios2-elf/4.9.1/../../../../../H-x86_64-mingw32/nios2-elf/lib\libc.a(lib_a-__call_atexit.o)
 .comment       0x0000000000000000       0x24 c:/altera/15.0/nios2eds/bin/gnu/h-x86_64-mingw32/bin/../lib/gcc/nios2-elf/4.9.1\libgcc.a(lib2-divmod.o)
 .comment       0x0000000000000000       0x24 ../test_1_Nios_bsp/\libhal_bsp.a(alt_exit.o)

.debug
 *(.debug)

.line
 *(.line)

.debug_srcinfo
 *(.debug_srcinfo)

.debug_sfnames
 *(.debug_sfnames)

.debug_aranges  0x0000000000000000      0x9b0
 *(.debug_aranges)
 .debug_aranges
                0x0000000000000000       0x28 ../test_1_Nios_bsp//obj/HAL/src/crt0.o
 .debug_aranges
                0x0000000000000028       0x20 obj/default/count_binary.o
 .debug_aranges
                0x0000000000000048       0x20 c:/altera/15.0/nios2eds/bin/gnu/h-x86_64-mingw32/bin/../lib/gcc/nios2-elf/4.9.1/../../../../../H-x86_64-mingw32/nios2-elf/lib\libc.a(lib_a-puts.o)
 .debug_aranges
                0x0000000000000068       0x20 c:/altera/15.0/nios2eds/bin/gnu/h-x86_64-mingw32/bin/../lib/gcc/nios2-elf/4.9.1/../../../../../H-x86_64-mingw32/nios2-elf/lib\libc.a(lib_a-strlen.o)
 .debug_aranges
                0x0000000000000088       0x20 c:/altera/15.0/nios2eds/bin/gnu/h-x86_64-mingw32/bin/../lib/gcc/nios2-elf/4.9.1/../../../../../H-x86_64-mingw32/nios2-elf/lib\libc.a(lib_a-fvwrite.o)
 .debug_aranges
                0x00000000000000a8       0x18 c:/altera/15.0/nios2eds/bin/gnu/h-x86_64-mingw32/bin/../lib/gcc/nios2-elf/4.9.1/../../../../../H-x86_64-mingw32/nios2-elf/lib\libc.a(lib_a-impure.o)
 .debug_aranges
                0x00000000000000c0       0x20 c:/altera/15.0/nios2eds/bin/gnu/h-x86_64-mingw32/bin/../lib/gcc/nios2-elf/4.9.1/../../../../../H-x86_64-mingw32/nios2-elf/lib\libc.a(lib_a-mallocr.o)
 .debug_aranges
                0x00000000000000e0       0x20 c:/altera/15.0/nios2eds/bin/gnu/h-x86_64-mingw32/bin/../lib/gcc/nios2-elf/4.9.1/../../../../../H-x86_64-mingw32/nios2-elf/lib\libc.a(lib_a-memchr.o)
 .debug_aranges
                0x0000000000000100       0x20 c:/altera/15.0/nios2eds/bin/gnu/h-x86_64-mingw32/bin/../lib/gcc/nios2-elf/4.9.1/../../../../../H-x86_64-mingw32/nios2-elf/lib\libc.a(lib_a-memcpy.o)
 .debug_aranges
                0x0000000000000120       0x20 c:/altera/15.0/nios2eds/bin/gnu/h-x86_64-mingw32/bin/../lib/gcc/nios2-elf/4.9.1/../../../../../H-x86_64-mingw32/nios2-elf/lib\libc.a(lib_a-memmove.o)
 .debug_aranges
                0x0000000000000140       0x20 c:/altera/15.0/nios2eds/bin/gnu/h-x86_64-mingw32/bin/../lib/gcc/nios2-elf/4.9.1/../../../../../H-x86_64-mingw32/nios2-elf/lib\libc.a(lib_a-reallocr.o)
 .debug_aranges
                0x0000000000000160       0x20 c:/altera/15.0/nios2eds/bin/gnu/h-x86_64-mingw32/bin/../lib/gcc/nios2-elf/4.9.1/../../../../../H-x86_64-mingw32/nios2-elf/lib\libc.a(lib_a-sbrkr.o)
 .debug_aranges
                0x0000000000000180       0x20 c:/altera/15.0/nios2eds/bin/gnu/h-x86_64-mingw32/bin/../lib/gcc/nios2-elf/4.9.1/../../../../../H-x86_64-mingw32/nios2-elf/lib\libc.a(lib_a-wsetup.o)
 .debug_aranges
                0x00000000000001a0       0x20 c:/altera/15.0/nios2eds/bin/gnu/h-x86_64-mingw32/bin/../lib/gcc/nios2-elf/4.9.1/../../../../../H-x86_64-mingw32/nios2-elf/lib\libc.a(lib_a-fflush.o)
 .debug_aranges
                0x00000000000001c0       0x20 c:/altera/15.0/nios2eds/bin/gnu/h-x86_64-mingw32/bin/../lib/gcc/nios2-elf/4.9.1/../../../../../H-x86_64-mingw32/nios2-elf/lib\libc.a(lib_a-findfp.o)
 .debug_aranges
                0x00000000000001e0       0x20 c:/altera/15.0/nios2eds/bin/gnu/h-x86_64-mingw32/bin/../lib/gcc/nios2-elf/4.9.1/../../../../../H-x86_64-mingw32/nios2-elf/lib\libc.a(lib_a-freer.o)
 .debug_aranges
                0x0000000000000200       0x20 c:/altera/15.0/nios2eds/bin/gnu/h-x86_64-mingw32/bin/../lib/gcc/nios2-elf/4.9.1/../../../../../H-x86_64-mingw32/nios2-elf/lib\libc.a(lib_a-fwalk.o)
 .debug_aranges
                0x0000000000000220       0x18 c:/altera/15.0/nios2eds/bin/gnu/h-x86_64-mingw32/bin/../lib/gcc/nios2-elf/4.9.1/../../../../../H-x86_64-mingw32/nios2-elf/lib\libc.a(lib_a-int_errno.o)
 .debug_aranges
                0x0000000000000238       0x20 c:/altera/15.0/nios2eds/bin/gnu/h-x86_64-mingw32/bin/../lib/gcc/nios2-elf/4.9.1/../../../../../H-x86_64-mingw32/nios2-elf/lib\libc.a(lib_a-makebuf.o)
 .debug_aranges
                0x0000000000000258       0x20 c:/altera/15.0/nios2eds/bin/gnu/h-x86_64-mingw32/bin/../lib/gcc/nios2-elf/4.9.1/../../../../../H-x86_64-mingw32/nios2-elf/lib\libc.a(lib_a-memset.o)
 .debug_aranges
                0x0000000000000278       0x20 c:/altera/15.0/nios2eds/bin/gnu/h-x86_64-mingw32/bin/../lib/gcc/nios2-elf/4.9.1/../../../../../H-x86_64-mingw32/nios2-elf/lib\libc.a(lib_a-stdio.o)
 .debug_aranges
                0x0000000000000298       0x20 c:/altera/15.0/nios2eds/bin/gnu/h-x86_64-mingw32/bin/../lib/gcc/nios2-elf/4.9.1/../../../../../H-x86_64-mingw32/nios2-elf/lib\libc.a(lib_a-writer.o)
 .debug_aranges
                0x00000000000002b8       0x20 c:/altera/15.0/nios2eds/bin/gnu/h-x86_64-mingw32/bin/../lib/gcc/nios2-elf/4.9.1/../../../../../H-x86_64-mingw32/nios2-elf/lib\libc.a(closer.o)
 .debug_aranges
                0x00000000000002d8       0x20 c:/altera/15.0/nios2eds/bin/gnu/h-x86_64-mingw32/bin/../lib/gcc/nios2-elf/4.9.1/../../../../../H-x86_64-mingw32/nios2-elf/lib\libc.a(lib_a-fclose.o)
 .debug_aranges
                0x00000000000002f8       0x20 c:/altera/15.0/nios2eds/bin/gnu/h-x86_64-mingw32/bin/../lib/gcc/nios2-elf/4.9.1/../../../../../H-x86_64-mingw32/nios2-elf/lib\libc.a(lib_a-fstatr.o)
 .debug_aranges
                0x0000000000000318       0x20 c:/altera/15.0/nios2eds/bin/gnu/h-x86_64-mingw32/bin/../lib/gcc/nios2-elf/4.9.1/../../../../../H-x86_64-mingw32/nios2-elf/lib\libc.a(lib_a-isattyr.o)
 .debug_aranges
                0x0000000000000338       0x20 c:/altera/15.0/nios2eds/bin/gnu/h-x86_64-mingw32/bin/../lib/gcc/nios2-elf/4.9.1/../../../../../H-x86_64-mingw32/nios2-elf/lib\libc.a(lib_a-lseekr.o)
 .debug_aranges
                0x0000000000000358       0x20 c:/altera/15.0/nios2eds/bin/gnu/h-x86_64-mingw32/bin/../lib/gcc/nios2-elf/4.9.1/../../../../../H-x86_64-mingw32/nios2-elf/lib\libc.a(lib_a-readr.o)
 .debug_aranges
                0x0000000000000378       0x20 ../test_1_Nios_bsp/\libhal_bsp.a(alt_close.o)
 .debug_aranges
                0x0000000000000398       0x20 ../test_1_Nios_bsp/\libhal_bsp.a(alt_dev.o)
 .debug_aranges
                0x00000000000003b8       0x18 ../test_1_Nios_bsp/\libhal_bsp.a(alt_errno.o)
 .debug_aranges
                0x00000000000003d0       0x20 ../test_1_Nios_bsp/\libhal_bsp.a(alt_fstat.o)
 .debug_aranges
                0x00000000000003f0       0x20 ../test_1_Nios_bsp/\libhal_bsp.a(alt_isatty.o)
 .debug_aranges
                0x0000000000000410       0x20 ../test_1_Nios_bsp/\libhal_bsp.a(alt_load.o)
 .debug_aranges
                0x0000000000000430       0x20 ../test_1_Nios_bsp/\libhal_bsp.a(alt_lseek.o)
 .debug_aranges
                0x0000000000000450       0x20 ../test_1_Nios_bsp/\libhal_bsp.a(alt_main.o)
 .debug_aranges
                0x0000000000000470       0x20 ../test_1_Nios_bsp/\libhal_bsp.a(alt_malloc_lock.o)
 .debug_aranges
                0x0000000000000490       0x20 ../test_1_Nios_bsp/\libhal_bsp.a(alt_read.o)
 .debug_aranges
                0x00000000000004b0       0x20 ../test_1_Nios_bsp/\libhal_bsp.a(alt_release_fd.o)
 .debug_aranges
                0x00000000000004d0       0x20 ../test_1_Nios_bsp/\libhal_bsp.a(alt_sbrk.o)
 .debug_aranges
                0x00000000000004f0       0x20 ../test_1_Nios_bsp/\libhal_bsp.a(alt_usleep.o)
 .debug_aranges
                0x0000000000000510       0x20 ../test_1_Nios_bsp/\libhal_bsp.a(alt_write.o)
 .debug_aranges
                0x0000000000000530       0x20 ../test_1_Nios_bsp/\libhal_bsp.a(alt_sys_init.o)
 .debug_aranges
                0x0000000000000550       0x20 ../test_1_Nios_bsp/\libhal_bsp.a(altera_avalon_jtag_uart_fd.o)
 .debug_aranges
                0x0000000000000570       0x20 ../test_1_Nios_bsp/\libhal_bsp.a(altera_avalon_jtag_uart_init.o)
 .debug_aranges
                0x0000000000000590       0x20 ../test_1_Nios_bsp/\libhal_bsp.a(altera_avalon_jtag_uart_ioctl.o)
 .debug_aranges
                0x00000000000005b0       0x20 ../test_1_Nios_bsp/\libhal_bsp.a(altera_avalon_jtag_uart_read.o)
 .debug_aranges
                0x00000000000005d0       0x20 ../test_1_Nios_bsp/\libhal_bsp.a(altera_avalon_jtag_uart_write.o)
 .debug_aranges
                0x00000000000005f0       0x20 ../test_1_Nios_bsp/\libhal_bsp.a(altera_avalon_timer_sc.o)
 .debug_aranges
                0x0000000000000610       0x20 ../test_1_Nios_bsp/\libhal_bsp.a(alt_alarm_start.o)
 .debug_aranges
                0x0000000000000630       0x20 ../test_1_Nios_bsp/\libhal_bsp.a(alt_busy_sleep.o)
 .debug_aranges
                0x0000000000000650       0x20 ../test_1_Nios_bsp/\libhal_bsp.a(alt_dcache_flush_all.o)
 .debug_aranges
                0x0000000000000670       0x20 ../test_1_Nios_bsp/\libhal_bsp.a(alt_dev_llist_insert.o)
 .debug_aranges
                0x0000000000000690       0x20 ../test_1_Nios_bsp/\libhal_bsp.a(alt_do_ctors.o)
 .debug_aranges
                0x00000000000006b0       0x20 ../test_1_Nios_bsp/\libhal_bsp.a(alt_do_dtors.o)
 .debug_aranges
                0x00000000000006d0       0x20 ../test_1_Nios_bsp/\libhal_bsp.a(alt_icache_flush_all.o)
 .debug_aranges
                0x00000000000006f0       0x20 ../test_1_Nios_bsp/\libhal_bsp.a(alt_iic.o)
 .debug_aranges
                0x0000000000000710       0x20 ../test_1_Nios_bsp/\libhal_bsp.a(alt_iic_isr_register.o)
 .debug_aranges
                0x0000000000000730       0x20 ../test_1_Nios_bsp/\libhal_bsp.a(alt_io_redirect.o)
 .debug_aranges
                0x0000000000000750       0x30 ../test_1_Nios_bsp/\libhal_bsp.a(alt_irq_entry.o)
 .debug_aranges
                0x0000000000000780       0x20 ../test_1_Nios_bsp/\libhal_bsp.a(alt_irq_handler.o)
 .debug_aranges
                0x00000000000007a0       0x18 ../test_1_Nios_bsp/\libhal_bsp.a(alt_irq_vars.o)
 .debug_aranges
                0x00000000000007b8       0x20 ../test_1_Nios_bsp/\libhal_bsp.a(alt_open.o)
 .debug_aranges
                0x00000000000007d8       0x20 ../test_1_Nios_bsp/\libhal_bsp.a(alt_tick.o)
 .debug_aranges
                0x00000000000007f8       0x20 ../test_1_Nios_bsp/\libhal_bsp.a(altera_nios2_qsys_irq.o)
 .debug_aranges
                0x0000000000000818       0x38 ../test_1_Nios_bsp/\libhal_bsp.a(alt_exception_entry.o)
 .debug_aranges
                0x0000000000000850       0x20 ../test_1_Nios_bsp/\libhal_bsp.a(alt_find_dev.o)
 .debug_aranges
                0x0000000000000870       0x20 ../test_1_Nios_bsp/\libhal_bsp.a(alt_find_file.o)
 .debug_aranges
                0x0000000000000890       0x20 ../test_1_Nios_bsp/\libhal_bsp.a(alt_get_fd.o)
 .debug_aranges
                0x00000000000008b0       0x20 ../test_1_Nios_bsp/\libhal_bsp.a(alt_icache_flush.o)
 .debug_aranges
                0x00000000000008d0       0x20 c:/altera/15.0/nios2eds/bin/gnu/h-x86_64-mingw32/bin/../lib/gcc/nios2-elf/4.9.1/../../../../../H-x86_64-mingw32/nios2-elf/lib\libc.a(lib_a-atexit.o)
 .debug_aranges
                0x00000000000008f0       0x20 c:/altera/15.0/nios2eds/bin/gnu/h-x86_64-mingw32/bin/../lib/gcc/nios2-elf/4.9.1/../../../../../H-x86_64-mingw32/nios2-elf/lib\libc.a(lib_a-exit.o)
 .debug_aranges
                0x0000000000000910       0x20 c:/altera/15.0/nios2eds/bin/gnu/h-x86_64-mingw32/bin/../lib/gcc/nios2-elf/4.9.1/../../../../../H-x86_64-mingw32/nios2-elf/lib\libc.a(lib_a-memcmp.o)
 .debug_aranges
                0x0000000000000930       0x20 c:/altera/15.0/nios2eds/bin/gnu/h-x86_64-mingw32/bin/../lib/gcc/nios2-elf/4.9.1/../../../../../H-x86_64-mingw32/nios2-elf/lib\libc.a(lib_a-__atexit.o)
 .debug_aranges
                0x0000000000000950       0x20 c:/altera/15.0/nios2eds/bin/gnu/h-x86_64-mingw32/bin/../lib/gcc/nios2-elf/4.9.1/../../../../../H-x86_64-mingw32/nios2-elf/lib\libc.a(lib_a-__call_atexit.o)
 .debug_aranges
                0x0000000000000970       0x20 c:/altera/15.0/nios2eds/bin/gnu/h-x86_64-mingw32/bin/../lib/gcc/nios2-elf/4.9.1\libgcc.a(lib2-divmod.o)
 .debug_aranges
                0x0000000000000990       0x20 ../test_1_Nios_bsp/\libhal_bsp.a(alt_exit.o)

.debug_pubnames
 *(.debug_pubnames)

.debug_info     0x0000000000000000    0x16d61
 *(.debug_info .gnu.linkonce.wi.*)
 .debug_info    0x0000000000000000       0x70 ../test_1_Nios_bsp//obj/HAL/src/crt0.o
 .debug_info    0x0000000000000070      0xa12 obj/default/count_binary.o
 .debug_info    0x0000000000000a82      0x9f4 c:/altera/15.0/nios2eds/bin/gnu/h-x86_64-mingw32/bin/../lib/gcc/nios2-elf/4.9.1/../../../../../H-x86_64-mingw32/nios2-elf/lib\libc.a(lib_a-puts.o)
 .debug_info    0x0000000000001476       0xdb c:/altera/15.0/nios2eds/bin/gnu/h-x86_64-mingw32/bin/../lib/gcc/nios2-elf/4.9.1/../../../../../H-x86_64-mingw32/nios2-elf/lib\libc.a(lib_a-strlen.o)
 .debug_info    0x0000000000001551      0xc31 c:/altera/15.0/nios2eds/bin/gnu/h-x86_64-mingw32/bin/../lib/gcc/nios2-elf/4.9.1/../../../../../H-x86_64-mingw32/nios2-elf/lib\libc.a(lib_a-fvwrite.o)
 .debug_info    0x0000000000002182      0x88f c:/altera/15.0/nios2eds/bin/gnu/h-x86_64-mingw32/bin/../lib/gcc/nios2-elf/4.9.1/../../../../../H-x86_64-mingw32/nios2-elf/lib\libc.a(lib_a-impure.o)
 .debug_info    0x0000000000002a11      0xd71 c:/altera/15.0/nios2eds/bin/gnu/h-x86_64-mingw32/bin/../lib/gcc/nios2-elf/4.9.1/../../../../../H-x86_64-mingw32/nios2-elf/lib\libc.a(lib_a-mallocr.o)
 .debug_info    0x0000000000003782      0x12b c:/altera/15.0/nios2eds/bin/gnu/h-x86_64-mingw32/bin/../lib/gcc/nios2-elf/4.9.1/../../../../../H-x86_64-mingw32/nios2-elf/lib\libc.a(lib_a-memchr.o)
 .debug_info    0x00000000000038ad      0x133 c:/altera/15.0/nios2eds/bin/gnu/h-x86_64-mingw32/bin/../lib/gcc/nios2-elf/4.9.1/../../../../../H-x86_64-mingw32/nios2-elf/lib\libc.a(lib_a-memcpy.o)
 .debug_info    0x00000000000039e0      0x133 c:/altera/15.0/nios2eds/bin/gnu/h-x86_64-mingw32/bin/../lib/gcc/nios2-elf/4.9.1/../../../../../H-x86_64-mingw32/nios2-elf/lib\libc.a(lib_a-memmove.o)
 .debug_info    0x0000000000003b13      0xcc6 c:/altera/15.0/nios2eds/bin/gnu/h-x86_64-mingw32/bin/../lib/gcc/nios2-elf/4.9.1/../../../../../H-x86_64-mingw32/nios2-elf/lib\libc.a(lib_a-reallocr.o)
 .debug_info    0x00000000000047d9      0x8ef c:/altera/15.0/nios2eds/bin/gnu/h-x86_64-mingw32/bin/../lib/gcc/nios2-elf/4.9.1/../../../../../H-x86_64-mingw32/nios2-elf/lib\libc.a(lib_a-sbrkr.o)
 .debug_info    0x00000000000050c8      0x91d c:/altera/15.0/nios2eds/bin/gnu/h-x86_64-mingw32/bin/../lib/gcc/nios2-elf/4.9.1/../../../../../H-x86_64-mingw32/nios2-elf/lib\libc.a(lib_a-wsetup.o)
 .debug_info    0x00000000000059e5      0xa3a c:/altera/15.0/nios2eds/bin/gnu/h-x86_64-mingw32/bin/../lib/gcc/nios2-elf/4.9.1/../../../../../H-x86_64-mingw32/nios2-elf/lib\libc.a(lib_a-fflush.o)
 .debug_info    0x000000000000641f      0xd38 c:/altera/15.0/nios2eds/bin/gnu/h-x86_64-mingw32/bin/../lib/gcc/nios2-elf/4.9.1/../../../../../H-x86_64-mingw32/nios2-elf/lib\libc.a(lib_a-findfp.o)
 .debug_info    0x0000000000007157      0xc02 c:/altera/15.0/nios2eds/bin/gnu/h-x86_64-mingw32/bin/../lib/gcc/nios2-elf/4.9.1/../../../../../H-x86_64-mingw32/nios2-elf/lib\libc.a(lib_a-freer.o)
 .debug_info    0x0000000000007d59      0xab7 c:/altera/15.0/nios2eds/bin/gnu/h-x86_64-mingw32/bin/../lib/gcc/nios2-elf/4.9.1/../../../../../H-x86_64-mingw32/nios2-elf/lib\libc.a(lib_a-fwalk.o)
 .debug_info    0x0000000000008810       0x83 c:/altera/15.0/nios2eds/bin/gnu/h-x86_64-mingw32/bin/../lib/gcc/nios2-elf/4.9.1/../../../../../H-x86_64-mingw32/nios2-elf/lib\libc.a(lib_a-int_errno.o)
 .debug_info    0x0000000000008893      0xaff c:/altera/15.0/nios2eds/bin/gnu/h-x86_64-mingw32/bin/../lib/gcc/nios2-elf/4.9.1/../../../../../H-x86_64-mingw32/nios2-elf/lib\libc.a(lib_a-makebuf.o)
 .debug_info    0x0000000000009392      0x11a c:/altera/15.0/nios2eds/bin/gnu/h-x86_64-mingw32/bin/../lib/gcc/nios2-elf/4.9.1/../../../../../H-x86_64-mingw32/nios2-elf/lib\libc.a(lib_a-memset.o)
 .debug_info    0x00000000000094ac      0xb83 c:/altera/15.0/nios2eds/bin/gnu/h-x86_64-mingw32/bin/../lib/gcc/nios2-elf/4.9.1/../../../../../H-x86_64-mingw32/nios2-elf/lib\libc.a(lib_a-stdio.o)
 .debug_info    0x000000000000a02f      0x921 c:/altera/15.0/nios2eds/bin/gnu/h-x86_64-mingw32/bin/../lib/gcc/nios2-elf/4.9.1/../../../../../H-x86_64-mingw32/nios2-elf/lib\libc.a(lib_a-writer.o)
 .debug_info    0x000000000000a950      0x8ce c:/altera/15.0/nios2eds/bin/gnu/h-x86_64-mingw32/bin/../lib/gcc/nios2-elf/4.9.1/../../../../../H-x86_64-mingw32/nios2-elf/lib\libc.a(closer.o)
 .debug_info    0x000000000000b21e      0xa12 c:/altera/15.0/nios2eds/bin/gnu/h-x86_64-mingw32/bin/../lib/gcc/nios2-elf/4.9.1/../../../../../H-x86_64-mingw32/nios2-elf/lib\libc.a(lib_a-fclose.o)
 .debug_info    0x000000000000bc30      0xa5c c:/altera/15.0/nios2eds/bin/gnu/h-x86_64-mingw32/bin/../lib/gcc/nios2-elf/4.9.1/../../../../../H-x86_64-mingw32/nios2-elf/lib\libc.a(lib_a-fstatr.o)
 .debug_info    0x000000000000c68c      0x8ce c:/altera/15.0/nios2eds/bin/gnu/h-x86_64-mingw32/bin/../lib/gcc/nios2-elf/4.9.1/../../../../../H-x86_64-mingw32/nios2-elf/lib\libc.a(lib_a-isattyr.o)
 .debug_info    0x000000000000cf5a      0x91a c:/altera/15.0/nios2eds/bin/gnu/h-x86_64-mingw32/bin/../lib/gcc/nios2-elf/4.9.1/../../../../../H-x86_64-mingw32/nios2-elf/lib\libc.a(lib_a-lseekr.o)
 .debug_info    0x000000000000d874      0x91a c:/altera/15.0/nios2eds/bin/gnu/h-x86_64-mingw32/bin/../lib/gcc/nios2-elf/4.9.1/../../../../../H-x86_64-mingw32/nios2-elf/lib\libc.a(lib_a-readr.o)
 .debug_info    0x000000000000e18e      0x31a ../test_1_Nios_bsp/\libhal_bsp.a(alt_close.o)
 .debug_info    0x000000000000e4a8      0x495 ../test_1_Nios_bsp/\libhal_bsp.a(alt_dev.o)
 .debug_info    0x000000000000e93d       0x9f ../test_1_Nios_bsp/\libhal_bsp.a(alt_errno.o)
 .debug_info    0x000000000000e9dc      0x481 ../test_1_Nios_bsp/\libhal_bsp.a(alt_fstat.o)
 .debug_info    0x000000000000ee5d      0x484 ../test_1_Nios_bsp/\libhal_bsp.a(alt_isatty.o)
 .debug_info    0x000000000000f2e1      0x13e ../test_1_Nios_bsp/\libhal_bsp.a(alt_load.o)
 .debug_info    0x000000000000f41f      0x34b ../test_1_Nios_bsp/\libhal_bsp.a(alt_lseek.o)
 .debug_info    0x000000000000f76a      0x12a ../test_1_Nios_bsp/\libhal_bsp.a(alt_main.o)
 .debug_info    0x000000000000f894      0x89f ../test_1_Nios_bsp/\libhal_bsp.a(alt_malloc_lock.o)
 .debug_info    0x0000000000010133      0x4a9 ../test_1_Nios_bsp/\libhal_bsp.a(alt_read.o)
 .debug_info    0x00000000000105dc      0x2b0 ../test_1_Nios_bsp/\libhal_bsp.a(alt_release_fd.o)
 .debug_info    0x000000000001088c      0x1a5 ../test_1_Nios_bsp/\libhal_bsp.a(alt_sbrk.o)
 .debug_info    0x0000000000010a31       0xa9 ../test_1_Nios_bsp/\libhal_bsp.a(alt_usleep.o)
 .debug_info    0x0000000000010ada      0x4b0 ../test_1_Nios_bsp/\libhal_bsp.a(alt_write.o)
 .debug_info    0x0000000000010f8a      0x4d2 ../test_1_Nios_bsp/\libhal_bsp.a(alt_sys_init.o)
 .debug_info    0x000000000001145c      0x527 ../test_1_Nios_bsp/\libhal_bsp.a(altera_avalon_jtag_uart_fd.o)
 .debug_info    0x0000000000011983      0x3a1 ../test_1_Nios_bsp/\libhal_bsp.a(altera_avalon_jtag_uart_init.o)
 .debug_info    0x0000000000011d24      0x279 ../test_1_Nios_bsp/\libhal_bsp.a(altera_avalon_jtag_uart_ioctl.o)
 .debug_info    0x0000000000011f9d      0x342 ../test_1_Nios_bsp/\libhal_bsp.a(altera_avalon_jtag_uart_read.o)
 .debug_info    0x00000000000122df      0x339 ../test_1_Nios_bsp/\libhal_bsp.a(altera_avalon_jtag_uart_write.o)
 .debug_info    0x0000000000012618      0x21f ../test_1_Nios_bsp/\libhal_bsp.a(altera_avalon_timer_sc.o)
 .debug_info    0x0000000000012837      0x2c5 ../test_1_Nios_bsp/\libhal_bsp.a(alt_alarm_start.o)
 .debug_info    0x0000000000012afc       0xd0 ../test_1_Nios_bsp/\libhal_bsp.a(alt_busy_sleep.o)
 .debug_info    0x0000000000012bcc       0x8b ../test_1_Nios_bsp/\libhal_bsp.a(alt_dcache_flush_all.o)
 .debug_info    0x0000000000012c57      0x1a2 ../test_1_Nios_bsp/\libhal_bsp.a(alt_dev_llist_insert.o)
 .debug_info    0x0000000000012df9       0x83 ../test_1_Nios_bsp/\libhal_bsp.a(alt_do_ctors.o)
 .debug_info    0x0000000000012e7c       0x83 ../test_1_Nios_bsp/\libhal_bsp.a(alt_do_dtors.o)
 .debug_info    0x0000000000012eff       0x8b ../test_1_Nios_bsp/\libhal_bsp.a(alt_icache_flush_all.o)
 .debug_info    0x0000000000012f8a      0x349 ../test_1_Nios_bsp/\libhal_bsp.a(alt_iic.o)
 .debug_info    0x00000000000132d3      0x1e8 ../test_1_Nios_bsp/\libhal_bsp.a(alt_iic_isr_register.o)
 .debug_info    0x00000000000134bb      0x49e ../test_1_Nios_bsp/\libhal_bsp.a(alt_io_redirect.o)
 .debug_info    0x0000000000013959       0x79 ../test_1_Nios_bsp/\libhal_bsp.a(alt_irq_entry.o)
 .debug_info    0x00000000000139d2      0x180 ../test_1_Nios_bsp/\libhal_bsp.a(alt_irq_handler.o)
 .debug_info    0x0000000000013b52       0x88 ../test_1_Nios_bsp/\libhal_bsp.a(alt_irq_vars.o)
 .debug_info    0x0000000000013bda      0x3b4 ../test_1_Nios_bsp/\libhal_bsp.a(alt_open.o)
 .debug_info    0x0000000000013f8e      0x292 ../test_1_Nios_bsp/\libhal_bsp.a(alt_tick.o)
 .debug_info    0x0000000000014220       0x8b ../test_1_Nios_bsp/\libhal_bsp.a(altera_nios2_qsys_irq.o)
 .debug_info    0x00000000000142ab       0x7f ../test_1_Nios_bsp/\libhal_bsp.a(alt_exception_entry.o)
 .debug_info    0x000000000001432a      0x2e2 ../test_1_Nios_bsp/\libhal_bsp.a(alt_find_dev.o)
 .debug_info    0x000000000001460c      0x2df ../test_1_Nios_bsp/\libhal_bsp.a(alt_find_file.o)
 .debug_info    0x00000000000148eb      0x309 ../test_1_Nios_bsp/\libhal_bsp.a(alt_get_fd.o)
 .debug_info    0x0000000000014bf4       0xd5 ../test_1_Nios_bsp/\libhal_bsp.a(alt_icache_flush.o)
 .debug_info    0x0000000000014cc9      0x10a c:/altera/15.0/nios2eds/bin/gnu/h-x86_64-mingw32/bin/../lib/gcc/nios2-elf/4.9.1/../../../../../H-x86_64-mingw32/nios2-elf/lib\libc.a(lib_a-atexit.o)
 .debug_info    0x0000000000014dd3      0x8df c:/altera/15.0/nios2eds/bin/gnu/h-x86_64-mingw32/bin/../lib/gcc/nios2-elf/4.9.1/../../../../../H-x86_64-mingw32/nios2-elf/lib\libc.a(lib_a-exit.o)
 .debug_info    0x00000000000156b2      0x113 c:/altera/15.0/nios2eds/bin/gnu/h-x86_64-mingw32/bin/../lib/gcc/nios2-elf/4.9.1/../../../../../H-x86_64-mingw32/nios2-elf/lib\libc.a(lib_a-memcmp.o)
 .debug_info    0x00000000000157c5      0x93b c:/altera/15.0/nios2eds/bin/gnu/h-x86_64-mingw32/bin/../lib/gcc/nios2-elf/4.9.1/../../../../../H-x86_64-mingw32/nios2-elf/lib\libc.a(lib_a-__atexit.o)
 .debug_info    0x0000000000016100      0x948 c:/altera/15.0/nios2eds/bin/gnu/h-x86_64-mingw32/bin/../lib/gcc/nios2-elf/4.9.1/../../../../../H-x86_64-mingw32/nios2-elf/lib\libc.a(lib_a-__call_atexit.o)
 .debug_info    0x0000000000016a48      0x234 c:/altera/15.0/nios2eds/bin/gnu/h-x86_64-mingw32/bin/../lib/gcc/nios2-elf/4.9.1\libgcc.a(lib2-divmod.o)
 .debug_info    0x0000000000016c7c       0xe5 ../test_1_Nios_bsp/\libhal_bsp.a(alt_exit.o)

.debug_abbrev   0x0000000000000000     0x61c0
 *(.debug_abbrev)
 .debug_abbrev  0x0000000000000000       0x12 ../test_1_Nios_bsp//obj/HAL/src/crt0.o
 .debug_abbrev  0x0000000000000012      0x239 obj/default/count_binary.o
 .debug_abbrev  0x000000000000024b      0x226 c:/altera/15.0/nios2eds/bin/gnu/h-x86_64-mingw32/bin/../lib/gcc/nios2-elf/4.9.1/../../../../../H-x86_64-mingw32/nios2-elf/lib\libc.a(lib_a-puts.o)
 .debug_abbrev  0x0000000000000471       0x90 c:/altera/15.0/nios2eds/bin/gnu/h-x86_64-mingw32/bin/../lib/gcc/nios2-elf/4.9.1/../../../../../H-x86_64-mingw32/nios2-elf/lib\libc.a(lib_a-strlen.o)
 .debug_abbrev  0x0000000000000501      0x252 c:/altera/15.0/nios2eds/bin/gnu/h-x86_64-mingw32/bin/../lib/gcc/nios2-elf/4.9.1/../../../../../H-x86_64-mingw32/nios2-elf/lib\libc.a(lib_a-fvwrite.o)
 .debug_abbrev  0x0000000000000753      0x180 c:/altera/15.0/nios2eds/bin/gnu/h-x86_64-mingw32/bin/../lib/gcc/nios2-elf/4.9.1/../../../../../H-x86_64-mingw32/nios2-elf/lib\libc.a(lib_a-impure.o)
 .debug_abbrev  0x00000000000008d3      0x2ad c:/altera/15.0/nios2eds/bin/gnu/h-x86_64-mingw32/bin/../lib/gcc/nios2-elf/4.9.1/../../../../../H-x86_64-mingw32/nios2-elf/lib\libc.a(lib_a-mallocr.o)
 .debug_abbrev  0x0000000000000b80       0xab c:/altera/15.0/nios2eds/bin/gnu/h-x86_64-mingw32/bin/../lib/gcc/nios2-elf/4.9.1/../../../../../H-x86_64-mingw32/nios2-elf/lib\libc.a(lib_a-memchr.o)
 .debug_abbrev  0x0000000000000c2b       0x9c c:/altera/15.0/nios2eds/bin/gnu/h-x86_64-mingw32/bin/../lib/gcc/nios2-elf/4.9.1/../../../../../H-x86_64-mingw32/nios2-elf/lib\libc.a(lib_a-memcpy.o)
 .debug_abbrev  0x0000000000000cc7       0x9c c:/altera/15.0/nios2eds/bin/gnu/h-x86_64-mingw32/bin/../lib/gcc/nios2-elf/4.9.1/../../../../../H-x86_64-mingw32/nios2-elf/lib\libc.a(lib_a-memmove.o)
 .debug_abbrev  0x0000000000000d63      0x269 c:/altera/15.0/nios2eds/bin/gnu/h-x86_64-mingw32/bin/../lib/gcc/nios2-elf/4.9.1/../../../../../H-x86_64-mingw32/nios2-elf/lib\libc.a(lib_a-reallocr.o)
 .debug_abbrev  0x0000000000000fcc      0x1fd c:/altera/15.0/nios2eds/bin/gnu/h-x86_64-mingw32/bin/../lib/gcc/nios2-elf/4.9.1/../../../../../H-x86_64-mingw32/nios2-elf/lib\libc.a(lib_a-sbrkr.o)
 .debug_abbrev  0x00000000000011c9      0x1f3 c:/altera/15.0/nios2eds/bin/gnu/h-x86_64-mingw32/bin/../lib/gcc/nios2-elf/4.9.1/../../../../../H-x86_64-mingw32/nios2-elf/lib\libc.a(lib_a-wsetup.o)
 .debug_abbrev  0x00000000000013bc      0x275 c:/altera/15.0/nios2eds/bin/gnu/h-x86_64-mingw32/bin/../lib/gcc/nios2-elf/4.9.1/../../../../../H-x86_64-mingw32/nios2-elf/lib\libc.a(lib_a-fflush.o)
 .debug_abbrev  0x0000000000001631      0x36b c:/altera/15.0/nios2eds/bin/gnu/h-x86_64-mingw32/bin/../lib/gcc/nios2-elf/4.9.1/../../../../../H-x86_64-mingw32/nios2-elf/lib\libc.a(lib_a-findfp.o)
 .debug_abbrev  0x000000000000199c      0x27b c:/altera/15.0/nios2eds/bin/gnu/h-x86_64-mingw32/bin/../lib/gcc/nios2-elf/4.9.1/../../../../../H-x86_64-mingw32/nios2-elf/lib\libc.a(lib_a-freer.o)
 .debug_abbrev  0x0000000000001c17      0x242 c:/altera/15.0/nios2eds/bin/gnu/h-x86_64-mingw32/bin/../lib/gcc/nios2-elf/4.9.1/../../../../../H-x86_64-mingw32/nios2-elf/lib\libc.a(lib_a-fwalk.o)
 .debug_abbrev  0x0000000000001e59       0x37 c:/altera/15.0/nios2eds/bin/gnu/h-x86_64-mingw32/bin/../lib/gcc/nios2-elf/4.9.1/../../../../../H-x86_64-mingw32/nios2-elf/lib\libc.a(lib_a-int_errno.o)
 .debug_abbrev  0x0000000000001e90      0x206 c:/altera/15.0/nios2eds/bin/gnu/h-x86_64-mingw32/bin/../lib/gcc/nios2-elf/4.9.1/../../../../../H-x86_64-mingw32/nios2-elf/lib\libc.a(lib_a-makebuf.o)
 .debug_abbrev  0x0000000000002096       0xae c:/altera/15.0/nios2eds/bin/gnu/h-x86_64-mingw32/bin/../lib/gcc/nios2-elf/4.9.1/../../../../../H-x86_64-mingw32/nios2-elf/lib\libc.a(lib_a-memset.o)
 .debug_abbrev  0x0000000000002144      0x246 c:/altera/15.0/nios2eds/bin/gnu/h-x86_64-mingw32/bin/../lib/gcc/nios2-elf/4.9.1/../../../../../H-x86_64-mingw32/nios2-elf/lib\libc.a(lib_a-stdio.o)
 .debug_abbrev  0x000000000000238a      0x1de c:/altera/15.0/nios2eds/bin/gnu/h-x86_64-mingw32/bin/../lib/gcc/nios2-elf/4.9.1/../../../../../H-x86_64-mingw32/nios2-elf/lib\libc.a(lib_a-writer.o)
 .debug_abbrev  0x0000000000002568      0x1d9 c:/altera/15.0/nios2eds/bin/gnu/h-x86_64-mingw32/bin/../lib/gcc/nios2-elf/4.9.1/../../../../../H-x86_64-mingw32/nios2-elf/lib\libc.a(closer.o)
 .debug_abbrev  0x0000000000002741      0x2a9 c:/altera/15.0/nios2eds/bin/gnu/h-x86_64-mingw32/bin/../lib/gcc/nios2-elf/4.9.1/../../../../../H-x86_64-mingw32/nios2-elf/lib\libc.a(lib_a-fclose.o)
 .debug_abbrev  0x00000000000029ea      0x1e8 c:/altera/15.0/nios2eds/bin/gnu/h-x86_64-mingw32/bin/../lib/gcc/nios2-elf/4.9.1/../../../../../H-x86_64-mingw32/nios2-elf/lib\libc.a(lib_a-fstatr.o)
 .debug_abbrev  0x0000000000002bd2      0x1d9 c:/altera/15.0/nios2eds/bin/gnu/h-x86_64-mingw32/bin/../lib/gcc/nios2-elf/4.9.1/../../../../../H-x86_64-mingw32/nios2-elf/lib\libc.a(lib_a-isattyr.o)
 .debug_abbrev  0x0000000000002dab      0x1e8 c:/altera/15.0/nios2eds/bin/gnu/h-x86_64-mingw32/bin/../lib/gcc/nios2-elf/4.9.1/../../../../../H-x86_64-mingw32/nios2-elf/lib\libc.a(lib_a-lseekr.o)
 .debug_abbrev  0x0000000000002f93      0x1d9 c:/altera/15.0/nios2eds/bin/gnu/h-x86_64-mingw32/bin/../lib/gcc/nios2-elf/4.9.1/../../../../../H-x86_64-mingw32/nios2-elf/lib\libc.a(lib_a-readr.o)
 .debug_abbrev  0x000000000000316c      0x11f ../test_1_Nios_bsp/\libhal_bsp.a(alt_close.o)
 .debug_abbrev  0x000000000000328b       0xd9 ../test_1_Nios_bsp/\libhal_bsp.a(alt_dev.o)
 .debug_abbrev  0x0000000000003364       0x5a ../test_1_Nios_bsp/\libhal_bsp.a(alt_errno.o)
 .debug_abbrev  0x00000000000033be      0x11f ../test_1_Nios_bsp/\libhal_bsp.a(alt_fstat.o)
 .debug_abbrev  0x00000000000034dd      0x11f ../test_1_Nios_bsp/\libhal_bsp.a(alt_isatty.o)
 .debug_abbrev  0x00000000000035fc       0x9f ../test_1_Nios_bsp/\libhal_bsp.a(alt_load.o)
 .debug_abbrev  0x000000000000369b      0x11f ../test_1_Nios_bsp/\libhal_bsp.a(alt_lseek.o)
 .debug_abbrev  0x00000000000037ba       0xba ../test_1_Nios_bsp/\libhal_bsp.a(alt_main.o)
 .debug_abbrev  0x0000000000003874      0x1a5 ../test_1_Nios_bsp/\libhal_bsp.a(alt_malloc_lock.o)
 .debug_abbrev  0x0000000000003a19      0x12e ../test_1_Nios_bsp/\libhal_bsp.a(alt_read.o)
 .debug_abbrev  0x0000000000003b47       0xde ../test_1_Nios_bsp/\libhal_bsp.a(alt_release_fd.o)
 .debug_abbrev  0x0000000000003c25      0x112 ../test_1_Nios_bsp/\libhal_bsp.a(alt_sbrk.o)
 .debug_abbrev  0x0000000000003d37       0x60 ../test_1_Nios_bsp/\libhal_bsp.a(alt_usleep.o)
 .debug_abbrev  0x0000000000003d97      0x133 ../test_1_Nios_bsp/\libhal_bsp.a(alt_write.o)
 .debug_abbrev  0x0000000000003eca      0x187 ../test_1_Nios_bsp/\libhal_bsp.a(alt_sys_init.o)
 .debug_abbrev  0x0000000000004051      0x127 ../test_1_Nios_bsp/\libhal_bsp.a(altera_avalon_jtag_uart_fd.o)
 .debug_abbrev  0x0000000000004178      0x197 ../test_1_Nios_bsp/\libhal_bsp.a(altera_avalon_jtag_uart_init.o)
 .debug_abbrev  0x000000000000430f      0x111 ../test_1_Nios_bsp/\libhal_bsp.a(altera_avalon_jtag_uart_ioctl.o)
 .debug_abbrev  0x0000000000004420      0x1ac ../test_1_Nios_bsp/\libhal_bsp.a(altera_avalon_jtag_uart_read.o)
 .debug_abbrev  0x00000000000045cc      0x1a8 ../test_1_Nios_bsp/\libhal_bsp.a(altera_avalon_jtag_uart_write.o)
 .debug_abbrev  0x0000000000004774      0x155 ../test_1_Nios_bsp/\libhal_bsp.a(altera_avalon_timer_sc.o)
 .debug_abbrev  0x00000000000048c9      0x162 ../test_1_Nios_bsp/\libhal_bsp.a(alt_alarm_start.o)
 .debug_abbrev  0x0000000000004a2b       0x7e ../test_1_Nios_bsp/\libhal_bsp.a(alt_busy_sleep.o)
 .debug_abbrev  0x0000000000004aa9       0x42 ../test_1_Nios_bsp/\libhal_bsp.a(alt_dcache_flush_all.o)
 .debug_abbrev  0x0000000000004aeb      0x114 ../test_1_Nios_bsp/\libhal_bsp.a(alt_dev_llist_insert.o)
 .debug_abbrev  0x0000000000004bff       0x79 ../test_1_Nios_bsp/\libhal_bsp.a(alt_do_ctors.o)
 .debug_abbrev  0x0000000000004c78       0x79 ../test_1_Nios_bsp/\libhal_bsp.a(alt_do_dtors.o)
 .debug_abbrev  0x0000000000004cf1       0x42 ../test_1_Nios_bsp/\libhal_bsp.a(alt_icache_flush_all.o)
 .debug_abbrev  0x0000000000004d33      0x163 ../test_1_Nios_bsp/\libhal_bsp.a(alt_iic.o)
 .debug_abbrev  0x0000000000004e96      0x169 ../test_1_Nios_bsp/\libhal_bsp.a(alt_iic_isr_register.o)
 .debug_abbrev  0x0000000000004fff      0x114 ../test_1_Nios_bsp/\libhal_bsp.a(alt_io_redirect.o)
 .debug_abbrev  0x0000000000005113       0x12 ../test_1_Nios_bsp/\libhal_bsp.a(alt_irq_entry.o)
 .debug_abbrev  0x0000000000005125      0x122 ../test_1_Nios_bsp/\libhal_bsp.a(alt_irq_handler.o)
 .debug_abbrev  0x0000000000005247       0x40 ../test_1_Nios_bsp/\libhal_bsp.a(alt_irq_vars.o)
 .debug_abbrev  0x0000000000005287      0x148 ../test_1_Nios_bsp/\libhal_bsp.a(alt_open.o)
 .debug_abbrev  0x00000000000053cf      0x15a ../test_1_Nios_bsp/\libhal_bsp.a(alt_tick.o)
 .debug_abbrev  0x0000000000005529       0x42 ../test_1_Nios_bsp/\libhal_bsp.a(altera_nios2_qsys_irq.o)
 .debug_abbrev  0x000000000000556b       0x12 ../test_1_Nios_bsp/\libhal_bsp.a(alt_exception_entry.o)
 .debug_abbrev  0x000000000000557d       0xf0 ../test_1_Nios_bsp/\libhal_bsp.a(alt_find_dev.o)
 .debug_abbrev  0x000000000000566d       0xf0 ../test_1_Nios_bsp/\libhal_bsp.a(alt_find_file.o)